Mar 15 21:57:46 laptop kernel: Linux version 6.18.10 (nixbld@localhost) (gcc (GCC) 15.2.0, GNU ld (GNU Binutils) 2.44) #1-NixOS SMP PREEMPT_DYNAMIC Wed Feb 11 12:42:01 UTC 2026
Mar 15 21:57:46 laptop kernel: Command line: BOOT_IMAGE=(hd0,gpt1)//kernels/cwpd3irgilp5czh4446yrpfhaw4p0j86-linux-6.18.10-bzImage init=/nix/store/290hlv4jnbgp963lvxyb0acz6iim5kz3-nixos-system-laptop-26.05.20260213.a82ccc3/init usbcore.autosuspend=-1 usbcore.old_scheme_first=y atkbd.reset=x i8042.nomux=1 i8042.reset=1 amd_iommu=soft processor.max_cstate=1 amd_pstate=active rtc_cmos.use_acpi_alarm=1 transparent_hugepage=always nohz_full=1-15 rcu_nocbs=1-15 isolcpus=1-15 mitigations=off sysctl.fs.file-max=524288 vm.swappiness=10 vm.vfs_cache_pressure=50 splash loglevel=4 lsm=landlock,yama,bpf nvidia-drm.modeset=1 nvidia-drm.fbdev=1 vt.default_red=0x1e,0xf3,0xa6,0xf9,0x89,0xcb,0x94,0xcd,0x6c,0xf3,0xa6,0xf9,0x89,0xcb,0x94,0xb4 vt.default_grn=0x1e,0x8b,0xe3,0xe2,0xb4,0xa6,0xe2,0xd6,0x70,0x8b,0xe3,0xe2,0xb4,0xa6,0xe2,0xbe vt.default_blu=0x2e,0xa8,0xa1,0xaf,0xfa,0xf7,0xd5,0xf4,0x86,0xa8,0xa1,0xaf,0xfa,0xf7,0xd5,0xfe
Mar 15 21:57:46 laptop kernel: BIOS-provided physical RAM map:
Mar 15 21:57:46 laptop kernel: BIOS-e820: [mem 0x0000000000000000-0x000000000009ffff] usable
Mar 15 21:57:46 laptop kernel: BIOS-e820: [mem 0x00000000000a0000-0x00000000000fffff] reserved
Mar 15 21:57:46 laptop kernel: BIOS-e820: [mem 0x0000000000100000-0x0000000009d1efff] usable
Mar 15 21:57:46 laptop kernel: BIOS-e820: [mem 0x0000000009d1f000-0x0000000009ffffff] reserved
Mar 15 21:57:46 laptop kernel: BIOS-e820: [mem 0x000000000a000000-0x000000000a1fffff] usable
Mar 15 21:57:46 laptop kernel: BIOS-e820: [mem 0x000000000a200000-0x000000000a20cfff] ACPI NVS
Mar 15 21:57:46 laptop kernel: BIOS-e820: [mem 0x000000000a20d000-0x00000000eab29fff] usable
Mar 15 21:57:46 laptop kernel: BIOS-e820: [mem 0x00000000eab2a000-0x00000000ec03efff] reserved
Mar 15 21:57:46 laptop kernel: BIOS-e820: [mem 0x00000000ec03f000-0x00000000ec09afff] ACPI data
Mar 15 21:57:46 laptop kernel: BIOS-e820: [mem 0x00000000ec09b000-0x00000000ec38bfff] ACPI NVS
Mar 15 21:57:46 laptop kernel: BIOS-e820: [mem 0x00000000ec38c000-0x00000000ecbfefff] reserved
Mar 15 21:57:46 laptop kernel: BIOS-e820: [mem 0x00000000ecbff000-0x00000000edffffff] usable
Mar 15 21:57:46 laptop kernel: BIOS-e820: [mem 0x00000000ee000000-0x00000000f7ffffff] reserved
Mar 15 21:57:46 laptop kernel: BIOS-e820: [mem 0x00000000fd000000-0x00000000ffffffff] reserved
Mar 15 21:57:46 laptop kernel: BIOS-e820: [mem 0x0000000100000000-0x00000007ef33ffff] usable
Mar 15 21:57:46 laptop kernel: BIOS-e820: [mem 0x00000007ef340000-0x00000008301fffff] reserved
Mar 15 21:57:46 laptop kernel: NX (Execute Disable) protection: active
Mar 15 21:57:46 laptop kernel: APIC: Static calls initialized
Mar 15 21:57:46 laptop kernel: efi: EFI v2.7 by American Megatrends
Mar 15 21:57:46 laptop kernel: efi: ACPI=0xec09a000 ACPI 2.0=0xec09a014 TPMFinalLog=0xec346000 SMBIOS=0xeca15000 SMBIOS 3.0=0xeca14000 MEMATTR=0xe6f3a018 ESRT=0xe9ab3b98 INITRD=0xe6f31618 RNG=0xec050018 TPMEventLog=0xec047018 
Mar 15 21:57:46 laptop kernel: random: crng init done
Mar 15 21:57:46 laptop kernel: efi: Remove mem259: MMIO range=[0xf0000000-0xf7ffffff] (128MB) from e820 map
Mar 15 21:57:46 laptop kernel: e820: remove [mem 0xf0000000-0xf7ffffff] reserved
Mar 15 21:57:46 laptop kernel: efi: Remove mem260: MMIO range=[0xfd000000-0xfedfffff] (30MB) from e820 map
Mar 15 21:57:46 laptop kernel: e820: remove [mem 0xfd000000-0xfedfffff] reserved
Mar 15 21:57:46 laptop kernel: efi: Not removing mem261: MMIO range=[0xfee00000-0xfee00fff] (4KB) from e820 map
Mar 15 21:57:46 laptop kernel: efi: Remove mem262: MMIO range=[0xfee01000-0xffffffff] (17MB) from e820 map
Mar 15 21:57:46 laptop kernel: e820: remove [mem 0xfee01000-0xffffffff] reserved
Mar 15 21:57:46 laptop kernel: efi: Remove mem264: MMIO range=[0x810000000-0x8301fffff] (514MB) from e820 map
Mar 15 21:57:46 laptop kernel: e820: remove [mem 0x810000000-0x8301fffff] reserved
Mar 15 21:57:46 laptop kernel: SMBIOS 3.2.0 present.
Mar 15 21:57:46 laptop kernel: DMI: ASUSTeK COMPUTER INC. ROG Strix G713IM_G713IM/G713IM, BIOS G713IM.329 03/01/2023
Mar 15 21:57:46 laptop kernel: DMI: Memory slots populated: 2/2
Mar 15 21:57:46 laptop kernel: tsc: Fast TSC calibration using PIT
Mar 15 21:57:46 laptop kernel: tsc: Detected 2894.725 MHz processor
Mar 15 21:57:46 laptop kernel: e820: update [mem 0x00000000-0x00000fff] usable ==> reserved
Mar 15 21:57:46 laptop kernel: e820: remove [mem 0x000a0000-0x000fffff] usable
Mar 15 21:57:46 laptop kernel: last_pfn = 0x7ef340 max_arch_pfn = 0x400000000
Mar 15 21:57:46 laptop kernel: MTRR map: 5 entries (3 fixed + 2 variable; max 20), built from 9 variable MTRRs
Mar 15 21:57:46 laptop kernel: x86/PAT: Configuration [0-7]: WB  WC  UC- UC  WB  WP  UC- WT  
Mar 15 21:57:46 laptop kernel: e820: update [mem 0xf0000000-0xffffffff] usable ==> reserved
Mar 15 21:57:46 laptop kernel: last_pfn = 0xee000 max_arch_pfn = 0x400000000
Mar 15 21:57:46 laptop kernel: esrt: Reserving ESRT space from 0x00000000e9ab3b98 to 0x00000000e9ab3bd0.
Mar 15 21:57:46 laptop kernel: e820: update [mem 0xe9ab3000-0xe9ab3fff] usable ==> reserved
Mar 15 21:57:46 laptop kernel: Using GB pages for direct mapping
Mar 15 21:57:46 laptop kernel: Secure boot disabled
Mar 15 21:57:46 laptop kernel: RAMDISK: [mem 0xddcef000-0xe1095fff]
Mar 15 21:57:46 laptop kernel: ACPI: Early table checksum verification disabled
Mar 15 21:57:46 laptop kernel: ACPI: RSDP 0x00000000EC09A014 000024 (v02 _ASUS_)
Mar 15 21:57:46 laptop kernel: ACPI: XSDT 0x00000000EC099728 00010C (v01 _ASUS_ Notebook 01072009 AMI  01000013)
Mar 15 21:57:46 laptop kernel: ACPI: FACP 0x00000000EC08E000 000114 (v06 _ASUS_ Notebook 01072009 AMI  00010013)
Mar 15 21:57:46 laptop kernel: ACPI: DSDT 0x00000000EC082000 00B783 (v02 _ASUS_ Notebook 01072009 INTL 20120913)
Mar 15 21:57:46 laptop kernel: ACPI: FACS 0x00000000EC344000 000040
Mar 15 21:57:46 laptop kernel: ACPI: MSDM 0x00000000EC098000 000055 (v03 _ASUS_ Notebook 01072009 ASUS 00000001)
Mar 15 21:57:46 laptop kernel: ACPI: SSDT 0x00000000EC090000 007216 (v02 AMD    AmdTable 00000002 MSFT 04000000)
Mar 15 21:57:46 laptop kernel: ACPI: IVRS 0x00000000EC08F000 0001A4 (v02 AMD    AmdTable 00000001 AMD  00000000)
Mar 15 21:57:46 laptop kernel: ACPI: FIDT 0x00000000EC081000 00009C (v01 _ASUS_ Notebook 01072009 AMI  00010013)
Mar 15 21:57:46 laptop kernel: ACPI: MCFG 0x00000000EC080000 00003C (v01 _ASUS_ Notebook 01072009 MSFT 00010013)
Mar 15 21:57:46 laptop kernel: ACPI: HPET 0x00000000EC07F000 000038 (v01 _ASUS_ Notebook 01072009 AMI  00000005)
Mar 15 21:57:46 laptop kernel: ACPI: SSDT 0x00000000EC07E000 000228 (v01 AMD    STD3     00000001 INTL 20120913)
Mar 15 21:57:46 laptop kernel: ACPI: VFCT 0x00000000EC070000 00D484 (v01 _ASUS_ Notebook 00000001 AMD  31504F47)
Mar 15 21:57:46 laptop kernel: ACPI: TPM2 0x00000000EC06E000 00004C (v04 _ASUS_ Notebook 00000001 AMI  00000000)
Mar 15 21:57:46 laptop kernel: ACPI: SSDT 0x00000000EC068000 005354 (v01 AMD    AmdTable 00000001 AMD  00000001)
Mar 15 21:57:46 laptop kernel: ACPI: CRAT 0x00000000EC067000 000F28 (v01 AMD    AmdTable 00000001 AMD  00000001)
Mar 15 21:57:46 laptop kernel: ACPI: CDIT 0x00000000EC066000 000029 (v01 AMD    AmdTable 00000001 AMD  00000001)
Mar 15 21:57:46 laptop kernel: ACPI: SSDT 0x00000000EC065000 000139 (v01 AMD    AmdTable 00000001 INTL 20120913)
Mar 15 21:57:46 laptop kernel: ACPI: SSDT 0x00000000EC064000 0001E5 (v01 AMD    AmdTable 00000001 INTL 20120913)
Mar 15 21:57:46 laptop kernel: ACPI: SSDT 0x00000000EC063000 000D37 (v01 AMD    AmdTable 00000001 INTL 20120913)
Mar 15 21:57:46 laptop kernel: ACPI: SSDT 0x00000000EC061000 0010A5 (v01 AMD    AmdTable 00000001 INTL 20120913)
Mar 15 21:57:46 laptop kernel: ACPI: SSDT 0x00000000EC05C000 0022BF (v01 _ASUS_ Nv18dGPU 00000001 INTL 20120913)
Mar 15 21:57:46 laptop kernel: ACPI: SSDT 0x00000000EC058000 0030C8 (v01 AMD    AmdTable 00000001 INTL 20120913)
Mar 15 21:57:46 laptop kernel: ACPI: BGRT 0x00000000EC06F000 000038 (v01 _ASUS_ Notebook 01072009 AMI  00010013)
Mar 15 21:57:46 laptop kernel: ACPI: WSMT 0x00000000EC060000 000028 (v01 _ASUS_ Notebook 01072009 AMI  00010013)
Mar 15 21:57:46 laptop kernel: ACPI: APIC 0x00000000EC05F000 0000DE (v03 _ASUS_ Notebook 01072009 AMI  00010013)
Mar 15 21:57:46 laptop kernel: ACPI: SSDT 0x00000000EC057000 00007D (v01 AMD    AmdTable 00000001 INTL 20120913)
Mar 15 21:57:46 laptop kernel: ACPI: SSDT 0x00000000EC056000 000517 (v01 AMD    AmdTable 00000001 INTL 20120913)
Mar 15 21:57:46 laptop kernel: ACPI: SSDT 0x00000000EC055000 000994 (v01 AMD    AmdTable 00000001 INTL 20120913)
Mar 15 21:57:46 laptop kernel: ACPI: SSDT 0x00000000EC054000 00020A (v01 AMD    AmdTable 00000001 INTL 20120913)
Mar 15 21:57:46 laptop kernel: ACPI: SSDT 0x00000000EC053000 0005E0 (v01 AMD    AmdTable 00000001 INTL 20120913)
Mar 15 21:57:46 laptop kernel: ACPI: SSDT 0x00000000EC052000 000329 (v01 AMD    AmdTable 00000001 INTL 20120913)
Mar 15 21:57:46 laptop kernel: ACPI: FPDT 0x00000000EC051000 000044 (v01 _ASUS_ A M I    01072009 AMI  01000013)
Mar 15 21:57:46 laptop kernel: ACPI: Reserving FACP table memory at [mem 0xec08e000-0xec08e113]
Mar 15 21:57:46 laptop kernel: ACPI: Reserving DSDT table memory at [mem 0xec082000-0xec08d782]
Mar 15 21:57:46 laptop kernel: ACPI: Reserving FACS table memory at [mem 0xec344000-0xec34403f]
Mar 15 21:57:46 laptop kernel: ACPI: Reserving MSDM table memory at [mem 0xec098000-0xec098054]
Mar 15 21:57:46 laptop kernel: ACPI: Reserving SSDT table memory at [mem 0xec090000-0xec097215]
Mar 15 21:57:46 laptop kernel: ACPI: Reserving IVRS table memory at [mem 0xec08f000-0xec08f1a3]
Mar 15 21:57:46 laptop kernel: ACPI: Reserving FIDT table memory at [mem 0xec081000-0xec08109b]
Mar 15 21:57:46 laptop kernel: ACPI: Reserving MCFG table memory at [mem 0xec080000-0xec08003b]
Mar 15 21:57:46 laptop kernel: ACPI: Reserving HPET table memory at [mem 0xec07f000-0xec07f037]
Mar 15 21:57:46 laptop kernel: ACPI: Reserving SSDT table memory at [mem 0xec07e000-0xec07e227]
Mar 15 21:57:46 laptop kernel: ACPI: Reserving VFCT table memory at [mem 0xec070000-0xec07d483]
Mar 15 21:57:46 laptop kernel: ACPI: Reserving TPM2 table memory at [mem 0xec06e000-0xec06e04b]
Mar 15 21:57:46 laptop kernel: ACPI: Reserving SSDT table memory at [mem 0xec068000-0xec06d353]
Mar 15 21:57:46 laptop kernel: ACPI: Reserving CRAT table memory at [mem 0xec067000-0xec067f27]
Mar 15 21:57:46 laptop kernel: ACPI: Reserving CDIT table memory at [mem 0xec066000-0xec066028]
Mar 15 21:57:46 laptop kernel: ACPI: Reserving SSDT table memory at [mem 0xec065000-0xec065138]
Mar 15 21:57:46 laptop kernel: ACPI: Reserving SSDT table memory at [mem 0xec064000-0xec0641e4]
Mar 15 21:57:46 laptop kernel: ACPI: Reserving SSDT table memory at [mem 0xec063000-0xec063d36]
Mar 15 21:57:46 laptop kernel: ACPI: Reserving SSDT table memory at [mem 0xec061000-0xec0620a4]
Mar 15 21:57:46 laptop kernel: ACPI: Reserving SSDT table memory at [mem 0xec05c000-0xec05e2be]
Mar 15 21:57:46 laptop kernel: ACPI: Reserving SSDT table memory at [mem 0xec058000-0xec05b0c7]
Mar 15 21:57:46 laptop kernel: ACPI: Reserving BGRT table memory at [mem 0xec06f000-0xec06f037]
Mar 15 21:57:46 laptop kernel: ACPI: Reserving WSMT table memory at [mem 0xec060000-0xec060027]
Mar 15 21:57:46 laptop kernel: ACPI: Reserving APIC table memory at [mem 0xec05f000-0xec05f0dd]
Mar 15 21:57:46 laptop kernel: ACPI: Reserving SSDT table memory at [mem 0xec057000-0xec05707c]
Mar 15 21:57:46 laptop kernel: ACPI: Reserving SSDT table memory at [mem 0xec056000-0xec056516]
Mar 15 21:57:46 laptop kernel: ACPI: Reserving SSDT table memory at [mem 0xec055000-0xec055993]
Mar 15 21:57:46 laptop kernel: ACPI: Reserving SSDT table memory at [mem 0xec054000-0xec054209]
Mar 15 21:57:46 laptop kernel: ACPI: Reserving SSDT table memory at [mem 0xec053000-0xec0535df]
Mar 15 21:57:46 laptop kernel: ACPI: Reserving SSDT table memory at [mem 0xec052000-0xec052328]
Mar 15 21:57:46 laptop kernel: ACPI: Reserving FPDT table memory at [mem 0xec051000-0xec051043]
Mar 15 21:57:46 laptop kernel: No NUMA configuration found
Mar 15 21:57:46 laptop kernel: Faking a node at [mem 0x0000000000000000-0x00000007ef33ffff]
Mar 15 21:57:46 laptop kernel: NODE_DATA(0) allocated [mem 0x7ef33a780-0x7ef33fcff]
Mar 15 21:57:46 laptop kernel: Zone ranges:
Mar 15 21:57:46 laptop kernel:   DMA      [mem 0x0000000000001000-0x0000000000ffffff]
Mar 15 21:57:46 laptop kernel:   DMA32    [mem 0x0000000001000000-0x00000000ffffffff]
Mar 15 21:57:46 laptop kernel:   Normal   [mem 0x0000000100000000-0x00000007ef33ffff]
Mar 15 21:57:46 laptop kernel:   Device   empty
Mar 15 21:57:46 laptop kernel: Movable zone start for each node
Mar 15 21:57:46 laptop kernel: Early memory node ranges
Mar 15 21:57:46 laptop kernel:   node   0: [mem 0x0000000000001000-0x000000000009ffff]
Mar 15 21:57:46 laptop kernel:   node   0: [mem 0x0000000000100000-0x0000000009d1efff]
Mar 15 21:57:46 laptop kernel:   node   0: [mem 0x000000000a000000-0x000000000a1fffff]
Mar 15 21:57:46 laptop kernel:   node   0: [mem 0x000000000a20d000-0x00000000eab29fff]
Mar 15 21:57:46 laptop kernel:   node   0: [mem 0x00000000ecbff000-0x00000000edffffff]
Mar 15 21:57:46 laptop kernel:   node   0: [mem 0x0000000100000000-0x00000007ef33ffff]
Mar 15 21:57:46 laptop kernel: Initmem setup node 0 [mem 0x0000000000001000-0x00000007ef33ffff]
Mar 15 21:57:46 laptop kernel: On node 0, zone DMA: 1 pages in unavailable ranges
Mar 15 21:57:46 laptop kernel: On node 0, zone DMA: 96 pages in unavailable ranges
Mar 15 21:57:46 laptop kernel: On node 0, zone DMA32: 737 pages in unavailable ranges
Mar 15 21:57:46 laptop kernel: On node 0, zone DMA32: 13 pages in unavailable ranges
Mar 15 21:57:46 laptop kernel: On node 0, zone DMA32: 8405 pages in unavailable ranges
Mar 15 21:57:46 laptop kernel: On node 0, zone Normal: 8192 pages in unavailable ranges
Mar 15 21:57:46 laptop kernel: On node 0, zone Normal: 3264 pages in unavailable ranges
Mar 15 21:57:46 laptop kernel: ACPI: PM-Timer IO Port: 0x808
Mar 15 21:57:46 laptop kernel: ACPI: LAPIC_NMI (acpi_id[0xff] high edge lint[0x1])
Mar 15 21:57:46 laptop kernel: IOAPIC[0]: apic_id 17, version 33, address 0xfec00000, GSI 0-23
Mar 15 21:57:46 laptop kernel: IOAPIC[1]: apic_id 18, version 33, address 0xfec01000, GSI 24-55
Mar 15 21:57:46 laptop kernel: ACPI: INT_SRC_OVR (bus 0 bus_irq 0 global_irq 2 dfl dfl)
Mar 15 21:57:46 laptop kernel: ACPI: INT_SRC_OVR (bus 0 bus_irq 9 global_irq 9 low level)
Mar 15 21:57:46 laptop kernel: ACPI: Using ACPI (MADT) for SMP configuration information
Mar 15 21:57:46 laptop kernel: ACPI: HPET id: 0x10228201 base: 0xfed00000
Mar 15 21:57:46 laptop kernel: e820: update [mem 0xe5052000-0xe50b0fff] usable ==> reserved
Mar 15 21:57:46 laptop kernel: CPU topo: Max. logical packages:   1
Mar 15 21:57:46 laptop kernel: CPU topo: Max. logical dies:       1
Mar 15 21:57:46 laptop kernel: CPU topo: Max. dies per package:   1
Mar 15 21:57:46 laptop kernel: CPU topo: Max. threads per core:   2
Mar 15 21:57:46 laptop kernel: CPU topo: Num. cores per package:     8
Mar 15 21:57:46 laptop kernel: CPU topo: Num. threads per package:  16
Mar 15 21:57:46 laptop kernel: CPU topo: Allowing 16 present CPUs plus 0 hotplug CPUs
Mar 15 21:57:46 laptop kernel: PM: hibernation: Registered nosave memory: [mem 0x00000000-0x00000fff]
Mar 15 21:57:46 laptop kernel: PM: hibernation: Registered nosave memory: [mem 0x000a0000-0x000fffff]
Mar 15 21:57:46 laptop kernel: PM: hibernation: Registered nosave memory: [mem 0x09d1f000-0x09ffffff]
Mar 15 21:57:46 laptop kernel: PM: hibernation: Registered nosave memory: [mem 0x0a200000-0x0a20cfff]
Mar 15 21:57:46 laptop kernel: PM: hibernation: Registered nosave memory: [mem 0xe5052000-0xe50b0fff]
Mar 15 21:57:46 laptop kernel: PM: hibernation: Registered nosave memory: [mem 0xe9ab3000-0xe9ab3fff]
Mar 15 21:57:46 laptop kernel: PM: hibernation: Registered nosave memory: [mem 0xeab2a000-0xecbfefff]
Mar 15 21:57:46 laptop kernel: PM: hibernation: Registered nosave memory: [mem 0xee000000-0xffffffff]
Mar 15 21:57:46 laptop kernel: [mem 0xf0000000-0xfedfffff] available for PCI devices
Mar 15 21:57:46 laptop kernel: Booting paravirtualized kernel on bare hardware
Mar 15 21:57:46 laptop kernel: clocksource: refined-jiffies: mask: 0xffffffff max_cycles: 0xffffffff, max_idle_ns: 1910969940391419 ns
Mar 15 21:57:46 laptop kernel: setup_percpu: NR_CPUS:384 nr_cpumask_bits:16 nr_cpu_ids:16 nr_node_ids:1
Mar 15 21:57:46 laptop kernel: percpu: Embedded 97 pages/cpu s274432 r8192 d114688 u524288
Mar 15 21:57:46 laptop kernel: pcpu-alloc: s274432 r8192 d114688 u524288 alloc=1*2097152
Mar 15 21:57:46 laptop kernel: pcpu-alloc: [0] 00 01 02 03 [0] 04 05 06 07 
Mar 15 21:57:46 laptop kernel: pcpu-alloc: [0] 08 09 10 11 [0] 12 13 14 15 
Mar 15 21:57:46 laptop kernel: Kernel command line: BOOT_IMAGE=(hd0,gpt1)//kernels/cwpd3irgilp5czh4446yrpfhaw4p0j86-linux-6.18.10-bzImage init=/nix/store/290hlv4jnbgp963lvxyb0acz6iim5kz3-nixos-system-laptop-26.05.20260213.a82ccc3/init usbcore.autosuspend=-1 usbcore.old_scheme_first=y atkbd.reset=x i8042.nomux=1 i8042.reset=1 amd_iommu=soft processor.max_cstate=1 amd_pstate=active rtc_cmos.use_acpi_alarm=1 transparent_hugepage=always nohz_full=1-15 rcu_nocbs=1-15 isolcpus=1-15 mitigations=off sysctl.fs.file-max=524288 vm.swappiness=10 vm.vfs_cache_pressure=50 splash loglevel=4 lsm=landlock,yama,bpf nvidia-drm.modeset=1 nvidia-drm.fbdev=1 vt.default_red=0x1e,0xf3,0xa6,0xf9,0x89,0xcb,0x94,0xcd,0x6c,0xf3,0xa6,0xf9,0x89,0xcb,0x94,0xb4 vt.default_grn=0x1e,0x8b,0xe3,0xe2,0xb4,0xa6,0xe2,0xd6,0x70,0x8b,0xe3,0xe2,0xb4,0xa6,0xe2,0xbe vt.default_blu=0x2e,0xa8,0xa1,0xaf,0xfa,0xf7,0xd5,0xf4,0x86,0xa8,0xa1,0xaf,0xfa,0xf7,0xd5,0xfe
Mar 15 21:57:46 laptop kernel: AMD-Vi: Unknown option - 'soft'
Mar 15 21:57:46 laptop kernel: Unknown kernel command line parameters "splash", will be passed to user space.
Mar 15 21:57:46 laptop kernel: printk: log buffer data + meta data: 262144 + 917504 = 1179648 bytes
Mar 15 21:57:46 laptop kernel: Dentry cache hash table entries: 4194304 (order: 13, 33554432 bytes, linear)
Mar 15 21:57:46 laptop kernel: Inode-cache hash table entries: 2097152 (order: 12, 16777216 bytes, linear)
Mar 15 21:57:46 laptop kernel: software IO TLB: area num 16.
Mar 15 21:57:46 laptop kernel: Fallback order for Node 0: 0 
Mar 15 21:57:46 laptop kernel: Built 1 zonelists, mobility grouping on.  Total pages: 8236828
Mar 15 21:57:46 laptop kernel: Policy zone: Normal
Mar 15 21:57:46 laptop kernel: mem auto-init: stack:all(zero), heap alloc:on, heap free:off
Mar 15 21:57:46 laptop kernel: SLUB: HWalign=64, Order=0-3, MinObjects=0, CPUs=16, Nodes=1
Mar 15 21:57:46 laptop kernel: allocated 66060288 bytes of page_ext
Mar 15 21:57:46 laptop kernel: ftrace: allocating 47865 entries in 188 pages
Mar 15 21:57:46 laptop kernel: ftrace: allocated 188 pages with 5 groups
Mar 15 21:57:46 laptop kernel: Dynamic Preempt: voluntary
Mar 15 21:57:46 laptop kernel: rcu: Preemptible hierarchical RCU implementation.
Mar 15 21:57:46 laptop kernel: rcu:         RCU event tracing is enabled.
Mar 15 21:57:46 laptop kernel: rcu:         RCU restricting CPUs from NR_CPUS=384 to nr_cpu_ids=16.
Mar 15 21:57:46 laptop kernel:         Trampoline variant of Tasks RCU enabled.
Mar 15 21:57:46 laptop kernel:         Rude variant of Tasks RCU enabled.
Mar 15 21:57:46 laptop kernel:         Tracing variant of Tasks RCU enabled.
Mar 15 21:57:46 laptop kernel: rcu: RCU calculated value of scheduler-enlistment delay is 100 jiffies.
Mar 15 21:57:46 laptop kernel: rcu: Adjusting geometry for rcu_fanout_leaf=16, nr_cpu_ids=16
Mar 15 21:57:46 laptop kernel: RCU Tasks: Setting shift to 4 and lim to 1 rcu_task_cb_adjust=1 rcu_task_cpu_ids=16.
Mar 15 21:57:46 laptop kernel: RCU Tasks Rude: Setting shift to 4 and lim to 1 rcu_task_cb_adjust=1 rcu_task_cpu_ids=16.
Mar 15 21:57:46 laptop kernel: RCU Tasks Trace: Setting shift to 4 and lim to 1 rcu_task_cb_adjust=1 rcu_task_cpu_ids=16.
Mar 15 21:57:46 laptop kernel: NR_IRQS: 24832, nr_irqs: 1096, preallocated irqs: 16
Mar 15 21:57:46 laptop kernel: NO_HZ: Full dynticks CPUs: 1-15.
Mar 15 21:57:46 laptop kernel: rcu:         Offload RCU callbacks from CPUs: 1-15.
Mar 15 21:57:46 laptop kernel: rcu: srcu_init: Setting srcu_struct sizes based on contention.
Mar 15 21:57:46 laptop kernel: kfence: initialized - using 2097152 bytes for 255 objects at 0x(____ptrval____)-0x(____ptrval____)
Mar 15 21:57:46 laptop kernel: Console: colour dummy device 80x25
Mar 15 21:57:46 laptop kernel: printk: legacy console [tty0] enabled
Mar 15 21:57:46 laptop kernel: ACPI: Core revision 20250807
Mar 15 21:57:46 laptop kernel: clocksource: hpet: mask: 0xffffffff max_cycles: 0xffffffff, max_idle_ns: 133484873504 ns
Mar 15 21:57:46 laptop kernel: APIC: Switch to symmetric I/O mode setup
Mar 15 21:57:46 laptop kernel: AMD-Vi: ivrs, add hid:AMDI0020, uid:\_SB.FUR0, rdevid:0xa0
Mar 15 21:57:46 laptop kernel: AMD-Vi: ivrs, add hid:AMDI0020, uid:\_SB.FUR1, rdevid:0xa0
Mar 15 21:57:46 laptop kernel: AMD-Vi: ivrs, add hid:AMDI0020, uid:\_SB.FUR2, rdevid:0xa0
Mar 15 21:57:46 laptop kernel: AMD-Vi: ivrs, add hid:AMDI0020, uid:\_SB.FUR3, rdevid:0xa0
Mar 15 21:57:46 laptop kernel: AMD-Vi: Using global IVHD EFR:0x206d73ef22254ade, EFR2:0x0
Mar 15 21:57:46 laptop kernel: ..TIMER: vector=0x30 apic1=0 pin1=2 apic2=-1 pin2=-1
Mar 15 21:57:46 laptop kernel: clocksource: tsc-early: mask: 0xffffffffffffffff max_cycles: 0x29b9cc3ba56, max_idle_ns: 440795323764 ns
Mar 15 21:57:46 laptop kernel: Calibrating delay loop (skipped), value calculated using timer frequency.. 5789.45 BogoMIPS (lpj=2894725)
Mar 15 21:57:46 laptop kernel: x86/cpu: User Mode Instruction Prevention (UMIP) activated
Mar 15 21:57:46 laptop kernel: LVT offset 1 assigned for vector 0xf9
Mar 15 21:57:46 laptop kernel: LVT offset 2 assigned for vector 0xf4
Mar 15 21:57:46 laptop kernel: Last level iTLB entries: 4KB 1024, 2MB 1024, 4MB 512
Mar 15 21:57:46 laptop kernel: Last level dTLB entries: 4KB 2048, 2MB 2048, 4MB 1024, 1GB 0
Mar 15 21:57:46 laptop kernel: process: using mwait in idle threads
Mar 15 21:57:46 laptop kernel: mitigations: Enabled attack vectors: SMT mitigations: off
Mar 15 21:57:46 laptop kernel: Speculative Store Bypass: Vulnerable
Mar 15 21:57:46 laptop kernel: Spectre V2 : Vulnerable
Mar 15 21:57:46 laptop kernel: RETBleed: Vulnerable
Mar 15 21:57:46 laptop kernel: Spectre V2 : User space: Vulnerable
Mar 15 21:57:46 laptop kernel: Speculative Return Stack Overflow: Vulnerable
Mar 15 21:57:46 laptop kernel: VMSCAPE: Vulnerable
Mar 15 21:57:46 laptop kernel: Spectre V1 : Vulnerable: __user pointer sanitization and usercopy barriers only; no swapgs barriers
Mar 15 21:57:46 laptop kernel: x86/fpu: Supporting XSAVE feature 0x001: 'x87 floating point registers'
Mar 15 21:57:46 laptop kernel: x86/fpu: Supporting XSAVE feature 0x002: 'SSE registers'
Mar 15 21:57:46 laptop kernel: x86/fpu: Supporting XSAVE feature 0x004: 'AVX registers'
Mar 15 21:57:46 laptop kernel: x86/fpu: xstate_offset[2]:  576, xstate_sizes[2]:  256
Mar 15 21:57:46 laptop kernel: x86/fpu: Enabled xstate features 0x7, context size is 832 bytes, using 'compacted' format.
Mar 15 21:57:46 laptop kernel: Freeing SMP alternatives memory: 44K
Mar 15 21:57:46 laptop kernel: pid_max: default: 32768 minimum: 301
Mar 15 21:57:46 laptop kernel: LSM: initializing lsm=capability,landlock,yama,bpf
Mar 15 21:57:46 laptop kernel: landlock: Up and running.
Mar 15 21:57:46 laptop kernel: Yama: becoming mindful.
Mar 15 21:57:46 laptop kernel: LSM support for eBPF active
Mar 15 21:57:46 laptop kernel: Mount-cache hash table entries: 65536 (order: 7, 524288 bytes, linear)
Mar 15 21:57:46 laptop kernel: Mountpoint-cache hash table entries: 65536 (order: 7, 524288 bytes, linear)
Mar 15 21:57:46 laptop kernel: smpboot: CPU0: AMD Ryzen 7 4800H with Radeon Graphics (family: 0x17, model: 0x60, stepping: 0x1)
Mar 15 21:57:46 laptop kernel: Performance Events: Fam17h+ core perfctr, AMD PMU driver.
Mar 15 21:57:46 laptop kernel: ... version:                   0
Mar 15 21:57:46 laptop kernel: ... bit width:                 48
Mar 15 21:57:46 laptop kernel: ... generic counters:          6
Mar 15 21:57:46 laptop kernel: ... generic bitmap:            000000000000003f
Mar 15 21:57:46 laptop kernel: ... fixed-purpose counters:    0
Mar 15 21:57:46 laptop kernel: ... fixed-purpose bitmap:      0000000000000000
Mar 15 21:57:46 laptop kernel: ... value mask:                0000ffffffffffff
Mar 15 21:57:46 laptop kernel: ... max period:                00007fffffffffff
Mar 15 21:57:46 laptop kernel: ... global_ctrl mask:          000000000000003f
Mar 15 21:57:46 laptop kernel: signal: max sigframe size: 1776
Mar 15 21:57:46 laptop kernel: rcu: Hierarchical SRCU implementation.
Mar 15 21:57:46 laptop kernel: rcu:         Max phase no-delay instances is 400.
Mar 15 21:57:46 laptop kernel: Timer migration: 2 hierarchy levels; 8 children per group; 2 crossnode level
Mar 15 21:57:46 laptop kernel: watchdog: Disabling watchdog on nohz_full cores by default
Mar 15 21:57:46 laptop kernel: NMI watchdog: Enabled. Permanently consumes one hw-PMU counter.
Mar 15 21:57:46 laptop kernel: smp: Bringing up secondary CPUs ...
Mar 15 21:57:46 laptop kernel: smpboot: x86: Booting SMP configuration:
Mar 15 21:57:46 laptop kernel: .... node  #0, CPUs:        #2  #4  #6  #8 #10 #12 #14  #1  #3  #5  #7  #9 #11 #13 #15
Mar 15 21:57:46 laptop kernel: smp: Brought up 1 node, 16 CPUs
Mar 15 21:57:46 laptop kernel: smpboot: Total of 16 processors activated (92631.20 BogoMIPS)
Mar 15 21:57:46 laptop kernel: Memory: 32124124K/32947312K available (16908K kernel code, 2685K rwdata, 13316K rodata, 3596K init, 3164K bss, 741516K reserved, 0K cma-reserved)
Mar 15 21:57:46 laptop kernel: devtmpfs: initialized
Mar 15 21:57:46 laptop kernel: x86/mm: Memory block size: 128MB
Mar 15 21:57:46 laptop kernel: ACPI: PM: Registering ACPI NVS region [mem 0x0a200000-0x0a20cfff] (53248 bytes)
Mar 15 21:57:46 laptop kernel: ACPI: PM: Registering ACPI NVS region [mem 0xec09b000-0xec38bfff] (3084288 bytes)
Mar 15 21:57:46 laptop kernel: clocksource: jiffies: mask: 0xffffffff max_cycles: 0xffffffff, max_idle_ns: 1911260446275000 ns
Mar 15 21:57:46 laptop kernel: posixtimers hash table entries: 8192 (order: 5, 131072 bytes, linear)
Mar 15 21:57:46 laptop kernel: futex hash table entries: 4096 (262144 bytes on 1 NUMA nodes, total 256 KiB, linear).
Mar 15 21:57:46 laptop kernel: pinctrl core: initialized pinctrl subsystem
Mar 15 21:57:46 laptop kernel: PM: RTC time: 14:57:16, date: 2026-03-15
Mar 15 21:57:46 laptop kernel: NET: Registered PF_NETLINK/PF_ROUTE protocol family
Mar 15 21:57:46 laptop kernel: DMA: preallocated 4096 KiB GFP_KERNEL pool for atomic allocations
Mar 15 21:57:46 laptop kernel: DMA: preallocated 4096 KiB GFP_KERNEL|GFP_DMA pool for atomic allocations
Mar 15 21:57:46 laptop kernel: DMA: preallocated 4096 KiB GFP_KERNEL|GFP_DMA32 pool for atomic allocations
Mar 15 21:57:46 laptop kernel: audit: initializing netlink subsys (disabled)
Mar 15 21:57:46 laptop kernel: thermal_sys: Registered thermal governor 'fair_share'
Mar 15 21:57:46 laptop kernel: thermal_sys: Registered thermal governor 'bang_bang'
Mar 15 21:57:46 laptop kernel: thermal_sys: Registered thermal governor 'step_wise'
Mar 15 21:57:46 laptop kernel: thermal_sys: Registered thermal governor 'user_space'
Mar 15 21:57:46 laptop kernel: thermal_sys: Registered thermal governor 'power_allocator'
Mar 15 21:57:46 laptop kernel: audit: type=2000 audit(1773586636.158:1): state=initialized audit_enabled=0 res=1
Mar 15 21:57:46 laptop kernel: cpuidle: using governor menu
Mar 15 21:57:46 laptop kernel: acpiphp: ACPI Hot Plug PCI Controller Driver version: 0.5
Mar 15 21:57:46 laptop kernel: PCI: ECAM [mem 0xf0000000-0xf7ffffff] (base 0xf0000000) for domain 0000 [bus 00-7f]
Mar 15 21:57:46 laptop kernel: PCI: Using configuration type 1 for base access
Mar 15 21:57:46 laptop kernel: kprobes: kprobe jump-optimization is enabled. All kprobes are optimized if possible.
Mar 15 21:57:46 laptop kernel: HugeTLB: registered 1.00 GiB page size, pre-allocated 0 pages
Mar 15 21:57:46 laptop kernel: HugeTLB: 16380 KiB vmemmap can be freed for a 1.00 GiB page
Mar 15 21:57:46 laptop kernel: HugeTLB: registered 2.00 MiB page size, pre-allocated 0 pages
Mar 15 21:57:46 laptop kernel: HugeTLB: 28 KiB vmemmap can be freed for a 2.00 MiB page
Mar 15 21:57:46 laptop kernel: ACPI: Added _OSI(Module Device)
Mar 15 21:57:46 laptop kernel: ACPI: Added _OSI(Processor Device)
Mar 15 21:57:46 laptop kernel: ACPI: Added _OSI(Processor Aggregator Device)
Mar 15 21:57:46 laptop kernel: ACPI: 16 ACPI AML tables successfully acquired and loaded
Mar 15 21:57:46 laptop kernel: ACPI: [Firmware Bug]: BIOS _OSI(Linux) query ignored
Mar 15 21:57:46 laptop kernel: ACPI: Interpreter enabled
Mar 15 21:57:46 laptop kernel: ACPI: PM: (supports S0 S4 S5)
Mar 15 21:57:46 laptop kernel: ACPI: Using IOAPIC for interrupt routing
Mar 15 21:57:46 laptop kernel: PCI: Using host bridge windows from ACPI; if necessary, use "pci=nocrs" and report a bug
Mar 15 21:57:46 laptop kernel: PCI: Ignoring E820 reservations for host bridge windows
Mar 15 21:57:46 laptop kernel: ACPI: Enabled 2 GPEs in block 00 to 1F
Mar 15 21:57:46 laptop kernel: ACPI: \_SB_.PCI0.GP17.XHC0.P0U0: New power resource
Mar 15 21:57:46 laptop kernel: ACPI: \_SB_.PCI0.GP17.XHC0.P3U0: New power resource
Mar 15 21:57:46 laptop kernel: ACPI: \_SB_.PCI0.GP17.XHC1.P0U1: New power resource
Mar 15 21:57:46 laptop kernel: ACPI: \_SB_.PCI0.GP17.XHC1.P3U1: New power resource
Mar 15 21:57:46 laptop kernel: ACPI: \_SB_.P0S0: New power resource
Mar 15 21:57:46 laptop kernel: ACPI: \_SB_.P3S0: New power resource
Mar 15 21:57:46 laptop kernel: ACPI: \_SB_.P0S1: New power resource
Mar 15 21:57:46 laptop kernel: ACPI: \_SB_.P3S1: New power resource
Mar 15 21:57:46 laptop kernel: ACPI: \_SB_.PCI0.GPP0.M237: New power resource
Mar 15 21:57:46 laptop kernel: ACPI: \_SB_.PCI0.GPP5.P1NV: New power resource
Mar 15 21:57:46 laptop kernel: ACPI: \_SB_.PCI0.GPP6.P0NV: New power resource
Mar 15 21:57:46 laptop kernel: ACPI: \_SB_.PRWL: New power resource
Mar 15 21:57:46 laptop kernel: ACPI: PCI Root Bridge [PCI0] (domain 0000 [bus 00-ff])
Mar 15 21:57:46 laptop kernel: acpi PNP0A08:00: _OSC: OS supports [ExtendedConfig ASPM ClockPM Segments MSI HPX-Type3]
Mar 15 21:57:46 laptop kernel: acpi PNP0A08:00: _OSC: platform does not support [LTR]
Mar 15 21:57:46 laptop kernel: acpi PNP0A08:00: _OSC: OS now controls [PCIeHotplug PME PCIeCapability]
Mar 15 21:57:46 laptop kernel: acpi PNP0A08:00: [Firmware Info]: ECAM [mem 0xf0000000-0xf7ffffff] for domain 0000 [bus 00-7f] only partially covers this bridge
Mar 15 21:57:46 laptop kernel: PCI host bridge to bus 0000:00
Mar 15 21:57:46 laptop kernel: pci_bus 0000:00: root bus resource [io  0x0000-0x03af window]
Mar 15 21:57:46 laptop kernel: pci_bus 0000:00: root bus resource [io  0x03e0-0x0cf7 window]
Mar 15 21:57:46 laptop kernel: pci_bus 0000:00: root bus resource [io  0x03b0-0x03df window]
Mar 15 21:57:46 laptop kernel: pci_bus 0000:00: root bus resource [io  0x0d00-0xffff window]
Mar 15 21:57:46 laptop kernel: pci_bus 0000:00: root bus resource [mem 0x000a0000-0x000dffff window]
Mar 15 21:57:46 laptop kernel: pci_bus 0000:00: root bus resource [mem 0xf0000000-0xfcffffff window]
Mar 15 21:57:46 laptop kernel: pci_bus 0000:00: root bus resource [mem 0x810000000-0xffffffffff window]
Mar 15 21:57:46 laptop kernel: pci_bus 0000:00: root bus resource [bus 00-ff]
Mar 15 21:57:46 laptop kernel: pci 0000:00:00.0: [1022:1630] type 00 class 0x060000 conventional PCI endpoint
Mar 15 21:57:46 laptop kernel: pci 0000:00:00.2: [1022:1631] type 00 class 0x080600 conventional PCI endpoint
Mar 15 21:57:46 laptop kernel: pci 0000:00:01.0: [1022:1632] type 00 class 0x060000 conventional PCI endpoint
Mar 15 21:57:46 laptop kernel: pci 0000:00:01.1: [1022:1633] type 01 class 0x060400 PCIe Root Port
Mar 15 21:57:46 laptop kernel: pci 0000:00:01.1: PCI bridge to [bus 01]
Mar 15 21:57:46 laptop kernel: pci 0000:00:01.1:   bridge window [io  0xf000-0xffff]
Mar 15 21:57:46 laptop kernel: pci 0000:00:01.1:   bridge window [mem 0xfb000000-0xfc0fffff]
Mar 15 21:57:46 laptop kernel: pci 0000:00:01.1:   bridge window [mem 0xfc00000000-0xfe01ffffff 64bit pref]
Mar 15 21:57:46 laptop kernel: pci 0000:00:01.1: PME# supported from D0 D3hot D3cold
Mar 15 21:57:46 laptop kernel: pci 0000:00:02.0: [1022:1632] type 00 class 0x060000 conventional PCI endpoint
Mar 15 21:57:46 laptop kernel: pci 0000:00:02.1: [1022:1634] type 01 class 0x060400 PCIe Root Port
Mar 15 21:57:46 laptop kernel: pci 0000:00:02.1: PCI bridge to [bus 02]
Mar 15 21:57:46 laptop kernel: pci 0000:00:02.1:   bridge window [io  0xe000-0xefff]
Mar 15 21:57:46 laptop kernel: pci 0000:00:02.1:   bridge window [mem 0xfc700000-0xfc7fffff]
Mar 15 21:57:46 laptop kernel: pci 0000:00:02.1: enabling Extended Tags
Mar 15 21:57:46 laptop kernel: pci 0000:00:02.1: PME# supported from D0 D3hot D3cold
Mar 15 21:57:46 laptop kernel: pci 0000:00:02.2: [1022:1634] type 01 class 0x060400 PCIe Root Port
Mar 15 21:57:46 laptop kernel: pci 0000:00:02.2: PCI bridge to [bus 03]
Mar 15 21:57:46 laptop kernel: pci 0000:00:02.2:   bridge window [mem 0xfe20300000-0xfe204fffff 64bit pref]
Mar 15 21:57:46 laptop kernel: pci 0000:00:02.2: PME# supported from D0 D3hot D3cold
Mar 15 21:57:46 laptop kernel: pci 0000:00:02.4: [1022:1634] type 01 class 0x060400 PCIe Root Port
Mar 15 21:57:46 laptop kernel: pci 0000:00:02.4: PCI bridge to [bus 04]
Mar 15 21:57:46 laptop kernel: pci 0000:00:02.4:   bridge window [mem 0xfc600000-0xfc6fffff]
Mar 15 21:57:46 laptop kernel: pci 0000:00:02.4: enabling Extended Tags
Mar 15 21:57:46 laptop kernel: pci 0000:00:02.4: PME# supported from D0 D3hot D3cold
Mar 15 21:57:46 laptop kernel: pci 0000:00:08.0: [1022:1632] type 00 class 0x060000 conventional PCI endpoint
Mar 15 21:57:46 laptop kernel: pci 0000:00:08.1: [1022:1635] type 01 class 0x060400 PCIe Root Port
Mar 15 21:57:46 laptop kernel: pci 0000:00:08.1: PCI bridge to [bus 05]
Mar 15 21:57:46 laptop kernel: pci 0000:00:08.1:   bridge window [io  0xd000-0xdfff]
Mar 15 21:57:46 laptop kernel: pci 0000:00:08.1:   bridge window [mem 0xfc200000-0xfc5fffff]
Mar 15 21:57:46 laptop kernel: pci 0000:00:08.1:   bridge window [mem 0xfe10000000-0xfe201fffff 64bit pref]
Mar 15 21:57:46 laptop kernel: pci 0000:00:08.1: enabling Extended Tags
Mar 15 21:57:46 laptop kernel: pci 0000:00:08.1: PME# supported from D0 D3hot D3cold
Mar 15 21:57:46 laptop kernel: pci 0000:00:14.0: [1022:790b] type 00 class 0x0c0500 conventional PCI endpoint
Mar 15 21:57:46 laptop kernel: pci 0000:00:14.3: [1022:790e] type 00 class 0x060100 conventional PCI endpoint
Mar 15 21:57:46 laptop kernel: pci 0000:00:18.0: [1022:1448] type 00 class 0x060000 conventional PCI endpoint
Mar 15 21:57:46 laptop kernel: pci 0000:00:18.1: [1022:1449] type 00 class 0x060000 conventional PCI endpoint
Mar 15 21:57:46 laptop kernel: pci 0000:00:18.2: [1022:144a] type 00 class 0x060000 conventional PCI endpoint
Mar 15 21:57:46 laptop kernel: pci 0000:00:18.3: [1022:144b] type 00 class 0x060000 conventional PCI endpoint
Mar 15 21:57:46 laptop kernel: pci 0000:00:18.4: [1022:144c] type 00 class 0x060000 conventional PCI endpoint
Mar 15 21:57:46 laptop kernel: pci 0000:00:18.5: [1022:144d] type 00 class 0x060000 conventional PCI endpoint
Mar 15 21:57:46 laptop kernel: pci 0000:00:18.6: [1022:144e] type 00 class 0x060000 conventional PCI endpoint
Mar 15 21:57:46 laptop kernel: pci 0000:00:18.7: [1022:144f] type 00 class 0x060000 conventional PCI endpoint
Mar 15 21:57:46 laptop kernel: pci 0000:01:00.0: [10de:2520] type 00 class 0x030000 PCIe Legacy Endpoint
Mar 15 21:57:46 laptop kernel: pci 0000:01:00.0: BAR 0 [mem 0xfb000000-0xfbffffff]
Mar 15 21:57:46 laptop kernel: pci 0000:01:00.0: BAR 1 [mem 0xfc00000000-0xfdffffffff 64bit pref]
Mar 15 21:57:46 laptop kernel: pci 0000:01:00.0: BAR 3 [mem 0xfe00000000-0xfe01ffffff 64bit pref]
Mar 15 21:57:46 laptop kernel: pci 0000:01:00.0: BAR 5 [io  0xf000-0xf07f]
Mar 15 21:57:46 laptop kernel: pci 0000:01:00.0: ROM [mem 0xfc000000-0xfc07ffff pref]
Mar 15 21:57:46 laptop kernel: pci 0000:01:00.0: PME# supported from D0 D3hot
Mar 15 21:57:46 laptop kernel: pci 0000:01:00.0: 63.008 Gb/s available PCIe bandwidth, limited by 8.0 GT/s PCIe x8 link at 0000:00:01.1 (capable of 252.048 Gb/s with 16.0 GT/s PCIe x16 link)
Mar 15 21:57:46 laptop kernel: pci 0000:01:00.1: [10de:228e] type 00 class 0x040300 PCIe Endpoint
Mar 15 21:57:46 laptop kernel: pci 0000:01:00.1: BAR 0 [mem 0xfc080000-0xfc083fff]
Mar 15 21:57:46 laptop kernel: pci 0000:00:01.1: PCI bridge to [bus 01]
Mar 15 21:57:46 laptop kernel: pci 0000:02:00.0: [10ec:8168] type 00 class 0x020000 PCIe Endpoint
Mar 15 21:57:46 laptop kernel: pci 0000:02:00.0: BAR 0 [io  0xe000-0xe0ff]
Mar 15 21:57:46 laptop kernel: pci 0000:02:00.0: BAR 2 [mem 0xfc704000-0xfc704fff 64bit]
Mar 15 21:57:46 laptop kernel: pci 0000:02:00.0: BAR 4 [mem 0xfc700000-0xfc703fff 64bit]
Mar 15 21:57:46 laptop kernel: pci 0000:02:00.0: supports D1 D2
Mar 15 21:57:46 laptop kernel: pci 0000:02:00.0: PME# supported from D0 D1 D2 D3hot D3cold
Mar 15 21:57:46 laptop kernel: pci 0000:00:02.1: PCI bridge to [bus 02]
Mar 15 21:57:46 laptop kernel: pci 0000:03:00.0: [14c3:7961] type 00 class 0x028000 PCIe Endpoint
Mar 15 21:57:46 laptop kernel: pci 0000:03:00.0: BAR 0 [mem 0xfe20300000-0xfe203fffff 64bit pref]
Mar 15 21:57:46 laptop kernel: pci 0000:03:00.0: BAR 2 [mem 0xfe20400000-0xfe20403fff 64bit pref]
Mar 15 21:57:46 laptop kernel: pci 0000:03:00.0: BAR 4 [mem 0xfe20404000-0xfe20404fff 64bit pref]
Mar 15 21:57:46 laptop kernel: pci 0000:03:00.0: supports D1 D2
Mar 15 21:57:46 laptop kernel: pci 0000:03:00.0: PME# supported from D0 D1 D2 D3hot D3cold
Mar 15 21:57:46 laptop kernel: pci 0000:00:02.2: PCI bridge to [bus 03]
Mar 15 21:57:46 laptop kernel: pci 0000:04:00.0: [144d:a809] type 00 class 0x010802 PCIe Endpoint
Mar 15 21:57:46 laptop kernel: pci 0000:04:00.0: BAR 0 [mem 0xfc600000-0xfc603fff 64bit]
Mar 15 21:57:46 laptop kernel: pci 0000:00:02.4: PCI bridge to [bus 04]
Mar 15 21:57:46 laptop kernel: pci 0000:05:00.0: [1002:1636] type 00 class 0x030000 PCIe Legacy Endpoint
Mar 15 21:57:46 laptop kernel: pci 0000:05:00.0: BAR 0 [mem 0xfe10000000-0xfe1fffffff 64bit pref]
Mar 15 21:57:46 laptop kernel: pci 0000:05:00.0: BAR 2 [mem 0xfe20000000-0xfe201fffff 64bit pref]
Mar 15 21:57:46 laptop kernel: pci 0000:05:00.0: BAR 4 [io  0xd000-0xd0ff]
Mar 15 21:57:46 laptop kernel: pci 0000:05:00.0: BAR 5 [mem 0xfc500000-0xfc57ffff]
Mar 15 21:57:46 laptop kernel: pci 0000:05:00.0: enabling Extended Tags
Mar 15 21:57:46 laptop kernel: pci 0000:05:00.0: PME# supported from D1 D2 D3hot D3cold
Mar 15 21:57:46 laptop kernel: pci 0000:05:00.1: [1002:1637] type 00 class 0x040300 PCIe Legacy Endpoint
Mar 15 21:57:46 laptop kernel: pci 0000:05:00.1: BAR 0 [mem 0xfc5c8000-0xfc5cbfff]
Mar 15 21:57:46 laptop kernel: pci 0000:05:00.1: enabling Extended Tags
Mar 15 21:57:46 laptop kernel: pci 0000:05:00.1: PME# supported from D1 D2 D3hot D3cold
Mar 15 21:57:46 laptop kernel: pci 0000:05:00.2: [1022:15df] type 00 class 0x108000 PCIe Endpoint
Mar 15 21:57:46 laptop kernel: pci 0000:05:00.2: BAR 2 [mem 0xfc400000-0xfc4fffff]
Mar 15 21:57:46 laptop kernel: pci 0000:05:00.2: BAR 5 [mem 0xfc5cc000-0xfc5cdfff]
Mar 15 21:57:46 laptop kernel: pci 0000:05:00.2: enabling Extended Tags
Mar 15 21:57:46 laptop kernel: pci 0000:05:00.3: [1022:1639] type 00 class 0x0c0330 PCIe Endpoint
Mar 15 21:57:46 laptop kernel: pci 0000:05:00.3: BAR 0 [mem 0xfc300000-0xfc3fffff 64bit]
Mar 15 21:57:46 laptop kernel: pci 0000:05:00.3: enabling Extended Tags
Mar 15 21:57:46 laptop kernel: pci 0000:05:00.3: PME# supported from D0 D3hot D3cold
Mar 15 21:57:46 laptop kernel: pci 0000:05:00.4: [1022:1639] type 00 class 0x0c0330 PCIe Endpoint
Mar 15 21:57:46 laptop kernel: pci 0000:05:00.4: BAR 0 [mem 0xfc200000-0xfc2fffff 64bit]
Mar 15 21:57:46 laptop kernel: pci 0000:05:00.4: enabling Extended Tags
Mar 15 21:57:46 laptop kernel: pci 0000:05:00.4: PME# supported from D0 D3hot D3cold
Mar 15 21:57:46 laptop kernel: pci 0000:05:00.5: [1022:15e2] type 00 class 0x048000 PCIe Endpoint
Mar 15 21:57:46 laptop kernel: pci 0000:05:00.5: BAR 0 [mem 0xfc580000-0xfc5bffff]
Mar 15 21:57:46 laptop kernel: pci 0000:05:00.5: enabling Extended Tags
Mar 15 21:57:46 laptop kernel: pci 0000:05:00.5: PME# supported from D0 D3hot D3cold
Mar 15 21:57:46 laptop kernel: pci 0000:05:00.6: [1022:15e3] type 00 class 0x040300 PCIe Endpoint
Mar 15 21:57:46 laptop kernel: pci 0000:05:00.6: BAR 0 [mem 0xfc5c0000-0xfc5c7fff]
Mar 15 21:57:46 laptop kernel: pci 0000:05:00.6: enabling Extended Tags
Mar 15 21:57:46 laptop kernel: pci 0000:05:00.6: PME# supported from D0 D3hot D3cold
Mar 15 21:57:46 laptop kernel: pci 0000:00:08.1: PCI bridge to [bus 05]
Mar 15 21:57:46 laptop kernel: ACPI: PCI: Interrupt link LNKA configured for IRQ 0
Mar 15 21:57:46 laptop kernel: ACPI: PCI: Interrupt link LNKB configured for IRQ 0
Mar 15 21:57:46 laptop kernel: ACPI: PCI: Interrupt link LNKC configured for IRQ 0
Mar 15 21:57:46 laptop kernel: ACPI: PCI: Interrupt link LNKD configured for IRQ 0
Mar 15 21:57:46 laptop kernel: ACPI: PCI: Interrupt link LNKE configured for IRQ 0
Mar 15 21:57:46 laptop kernel: ACPI: PCI: Interrupt link LNKF configured for IRQ 0
Mar 15 21:57:46 laptop kernel: ACPI: PCI: Interrupt link LNKG configured for IRQ 0
Mar 15 21:57:46 laptop kernel: ACPI: PCI: Interrupt link LNKH configured for IRQ 0
Mar 15 21:57:46 laptop kernel: Low-power S0 idle used by default for system suspend
Mar 15 21:57:46 laptop kernel: iommu: Default domain type: Translated
Mar 15 21:57:46 laptop kernel: iommu: DMA domain TLB invalidation policy: lazy mode
Mar 15 21:57:46 laptop kernel: ACPI: bus type USB registered
Mar 15 21:57:46 laptop kernel: usbcore: registered new interface driver usbfs
Mar 15 21:57:46 laptop kernel: usbcore: registered new interface driver hub
Mar 15 21:57:46 laptop kernel: usbcore: registered new device driver usb
Mar 15 21:57:46 laptop kernel: efivars: Registered efivars operations
Mar 15 21:57:46 laptop kernel: NetLabel: Initializing
Mar 15 21:57:46 laptop kernel: NetLabel:  domain hash size = 128
Mar 15 21:57:46 laptop kernel: NetLabel:  protocols = UNLABELED CIPSOv4 CALIPSO
Mar 15 21:57:46 laptop kernel: NetLabel:  unlabeled traffic allowed by default
Mar 15 21:57:46 laptop kernel: PCI: Using ACPI for IRQ routing
Mar 15 21:57:46 laptop kernel: PCI: pci_cache_line_size set to 64 bytes
Mar 15 21:57:46 laptop kernel: e820: reserve RAM buffer [mem 0x09d1f000-0x0bffffff]
Mar 15 21:57:46 laptop kernel: e820: reserve RAM buffer [mem 0x0a200000-0x0bffffff]
Mar 15 21:57:46 laptop kernel: e820: reserve RAM buffer [mem 0xe5052000-0xe7ffffff]
Mar 15 21:57:46 laptop kernel: e820: reserve RAM buffer [mem 0xe9ab3000-0xebffffff]
Mar 15 21:57:46 laptop kernel: e820: reserve RAM buffer [mem 0xeab2a000-0xebffffff]
Mar 15 21:57:46 laptop kernel: e820: reserve RAM buffer [mem 0xee000000-0xefffffff]
Mar 15 21:57:46 laptop kernel: e820: reserve RAM buffer [mem 0x7ef340000-0x7efffffff]
Mar 15 21:57:46 laptop kernel: pci 0000:01:00.0: vgaarb: bridge control possible
Mar 15 21:57:46 laptop kernel: pci 0000:01:00.0: vgaarb: VGA device added: decodes=io+mem,owns=none,locks=none
Mar 15 21:57:46 laptop kernel: pci 0000:05:00.0: vgaarb: setting as boot VGA device
Mar 15 21:57:46 laptop kernel: pci 0000:05:00.0: vgaarb: bridge control possible
Mar 15 21:57:46 laptop kernel: pci 0000:05:00.0: vgaarb: VGA device added: decodes=io+mem,owns=none,locks=none
Mar 15 21:57:46 laptop kernel: vgaarb: loaded
Mar 15 21:57:46 laptop kernel: hpet0: at MMIO 0xfed00000, IRQs 2, 8, 0
Mar 15 21:57:46 laptop kernel: hpet0: 3 comparators, 32-bit 14.318180 MHz counter
Mar 15 21:57:46 laptop kernel: clocksource: Switched to clocksource tsc-early
Mar 15 21:57:46 laptop kernel: VFS: Disk quotas dquot_6.6.0
Mar 15 21:57:46 laptop kernel: VFS: Dquot-cache hash table entries: 512 (order 0, 4096 bytes)
Mar 15 21:57:46 laptop kernel: pnp: PnP ACPI init
Mar 15 21:57:46 laptop kernel: system 00:00: [mem 0xf0000000-0xf7ffffff] has been reserved
Mar 15 21:57:46 laptop kernel: system 00:03: [io  0x04d0-0x04d1] has been reserved
Mar 15 21:57:46 laptop kernel: system 00:03: [io  0x040b] has been reserved
Mar 15 21:57:46 laptop kernel: system 00:03: [io  0x04d6] has been reserved
Mar 15 21:57:46 laptop kernel: system 00:03: [io  0x0c00-0x0c01] has been reserved
Mar 15 21:57:46 laptop kernel: system 00:03: [io  0x0c14] has been reserved
Mar 15 21:57:46 laptop kernel: system 00:03: [io  0x0c50-0x0c51] has been reserved
Mar 15 21:57:46 laptop kernel: system 00:03: [io  0x0c52] has been reserved
Mar 15 21:57:46 laptop kernel: system 00:03: [io  0x0c6c] has been reserved
Mar 15 21:57:46 laptop kernel: system 00:03: [io  0x0c6f] has been reserved
Mar 15 21:57:46 laptop kernel: system 00:03: [io  0x0cd0-0x0cd1] has been reserved
Mar 15 21:57:46 laptop kernel: system 00:03: [io  0x0cd2-0x0cd3] has been reserved
Mar 15 21:57:46 laptop kernel: system 00:03: [io  0x0cd4-0x0cd5] has been reserved
Mar 15 21:57:46 laptop kernel: system 00:03: [io  0x0cd6-0x0cd7] has been reserved
Mar 15 21:57:46 laptop kernel: system 00:03: [io  0x0cd8-0x0cdf] has been reserved
Mar 15 21:57:46 laptop kernel: system 00:03: [io  0x0800-0x089f] has been reserved
Mar 15 21:57:46 laptop kernel: system 00:03: [io  0x0b00-0x0b0f] has been reserved
Mar 15 21:57:46 laptop kernel: system 00:03: [io  0x0b20-0x0b3f] has been reserved
Mar 15 21:57:46 laptop kernel: system 00:03: [io  0x0900-0x090f] has been reserved
Mar 15 21:57:46 laptop kernel: system 00:03: [io  0x0910-0x091f] has been reserved
Mar 15 21:57:46 laptop kernel: system 00:03: [mem 0xfec00000-0xfec00fff] could not be reserved
Mar 15 21:57:46 laptop kernel: system 00:03: [mem 0xfec01000-0xfec01fff] could not be reserved
Mar 15 21:57:46 laptop kernel: system 00:03: [mem 0xfedc0000-0xfedc0fff] has been reserved
Mar 15 21:57:46 laptop kernel: system 00:03: [mem 0xfee00000-0xfee00fff] has been reserved
Mar 15 21:57:46 laptop kernel: system 00:03: [mem 0xfed80000-0xfed8ffff] could not be reserved
Mar 15 21:57:46 laptop kernel: system 00:03: [mem 0xfec10000-0xfec10fff] has been reserved
Mar 15 21:57:46 laptop kernel: system 00:03: [mem 0xff000000-0xffffffff] has been reserved
Mar 15 21:57:46 laptop kernel: system 00:03: [mem 0xfe700000-0xfe70ffff] has been reserved
Mar 15 21:57:46 laptop kernel: pnp: PnP ACPI: found 4 devices
Mar 15 21:57:46 laptop kernel: clocksource: acpi_pm: mask: 0xffffff max_cycles: 0xffffff, max_idle_ns: 2085701024 ns
Mar 15 21:57:46 laptop kernel: NET: Registered PF_INET protocol family
Mar 15 21:57:46 laptop kernel: IP idents hash table entries: 262144 (order: 9, 2097152 bytes, linear)
Mar 15 21:57:46 laptop kernel: tcp_listen_portaddr_hash hash table entries: 16384 (order: 6, 262144 bytes, linear)
Mar 15 21:57:46 laptop kernel: Table-perturb hash table entries: 65536 (order: 6, 262144 bytes, linear)
Mar 15 21:57:46 laptop kernel: TCP established hash table entries: 262144 (order: 9, 2097152 bytes, linear)
Mar 15 21:57:46 laptop kernel: TCP bind hash table entries: 65536 (order: 9, 2097152 bytes, linear)
Mar 15 21:57:46 laptop kernel: TCP: Hash tables configured (established 262144 bind 65536)
Mar 15 21:57:46 laptop kernel: MPTCP token hash table entries: 32768 (order: 8, 786432 bytes, linear)
Mar 15 21:57:46 laptop kernel: UDP hash table entries: 16384 (order: 8, 1048576 bytes, linear)
Mar 15 21:57:46 laptop kernel: UDP-Lite hash table entries: 16384 (order: 8, 1048576 bytes, linear)
Mar 15 21:57:46 laptop kernel: NET: Registered PF_UNIX/PF_LOCAL protocol family
Mar 15 21:57:46 laptop kernel: NET: Registered PF_XDP protocol family
Mar 15 21:57:46 laptop kernel: pci 0000:00:01.1: PCI bridge to [bus 01]
Mar 15 21:57:46 laptop kernel: pci 0000:00:01.1:   bridge window [io  0xf000-0xffff]
Mar 15 21:57:46 laptop kernel: pci 0000:00:01.1:   bridge window [mem 0xfb000000-0xfc0fffff]
Mar 15 21:57:46 laptop kernel: pci 0000:00:01.1:   bridge window [mem 0xfc00000000-0xfe01ffffff 64bit pref]
Mar 15 21:57:46 laptop kernel: pci 0000:00:02.1: PCI bridge to [bus 02]
Mar 15 21:57:46 laptop kernel: pci 0000:00:02.1:   bridge window [io  0xe000-0xefff]
Mar 15 21:57:46 laptop kernel: pci 0000:00:02.1:   bridge window [mem 0xfc700000-0xfc7fffff]
Mar 15 21:57:46 laptop kernel: pci 0000:00:02.2: PCI bridge to [bus 03]
Mar 15 21:57:46 laptop kernel: pci 0000:00:02.2:   bridge window [mem 0xfe20300000-0xfe204fffff 64bit pref]
Mar 15 21:57:46 laptop kernel: pci 0000:00:02.4: PCI bridge to [bus 04]
Mar 15 21:57:46 laptop kernel: pci 0000:00:02.4:   bridge window [mem 0xfc600000-0xfc6fffff]
Mar 15 21:57:46 laptop kernel: pci 0000:00:08.1: PCI bridge to [bus 05]
Mar 15 21:57:46 laptop kernel: pci 0000:00:08.1:   bridge window [io  0xd000-0xdfff]
Mar 15 21:57:46 laptop kernel: pci 0000:00:08.1:   bridge window [mem 0xfc200000-0xfc5fffff]
Mar 15 21:57:46 laptop kernel: pci 0000:00:08.1:   bridge window [mem 0xfe10000000-0xfe201fffff 64bit pref]
Mar 15 21:57:46 laptop kernel: pci_bus 0000:00: resource 4 [io  0x0000-0x03af window]
Mar 15 21:57:46 laptop kernel: pci_bus 0000:00: resource 5 [io  0x03e0-0x0cf7 window]
Mar 15 21:57:46 laptop kernel: pci_bus 0000:00: resource 6 [io  0x03b0-0x03df window]
Mar 15 21:57:46 laptop kernel: pci_bus 0000:00: resource 7 [io  0x0d00-0xffff window]
Mar 15 21:57:46 laptop kernel: pci_bus 0000:00: resource 8 [mem 0x000a0000-0x000dffff window]
Mar 15 21:57:46 laptop kernel: pci_bus 0000:00: resource 9 [mem 0xf0000000-0xfcffffff window]
Mar 15 21:57:46 laptop kernel: pci_bus 0000:00: resource 10 [mem 0x810000000-0xffffffffff window]
Mar 15 21:57:46 laptop kernel: pci_bus 0000:01: resource 0 [io  0xf000-0xffff]
Mar 15 21:57:46 laptop kernel: pci_bus 0000:01: resource 1 [mem 0xfb000000-0xfc0fffff]
Mar 15 21:57:46 laptop kernel: pci_bus 0000:01: resource 2 [mem 0xfc00000000-0xfe01ffffff 64bit pref]
Mar 15 21:57:46 laptop kernel: pci_bus 0000:02: resource 0 [io  0xe000-0xefff]
Mar 15 21:57:46 laptop kernel: pci_bus 0000:02: resource 1 [mem 0xfc700000-0xfc7fffff]
Mar 15 21:57:46 laptop kernel: pci_bus 0000:03: resource 2 [mem 0xfe20300000-0xfe204fffff 64bit pref]
Mar 15 21:57:46 laptop kernel: pci_bus 0000:04: resource 1 [mem 0xfc600000-0xfc6fffff]
Mar 15 21:57:46 laptop kernel: pci_bus 0000:05: resource 0 [io  0xd000-0xdfff]
Mar 15 21:57:46 laptop kernel: pci_bus 0000:05: resource 1 [mem 0xfc200000-0xfc5fffff]
Mar 15 21:57:46 laptop kernel: pci_bus 0000:05: resource 2 [mem 0xfe10000000-0xfe201fffff 64bit pref]
Mar 15 21:57:46 laptop kernel: pci 0000:01:00.1: extending delay after power-on from D3hot to 20 msec
Mar 15 21:57:46 laptop kernel: pci 0000:01:00.1: D0 power state depends on 0000:01:00.0
Mar 15 21:57:46 laptop kernel: pci 0000:05:00.1: D0 power state depends on 0000:05:00.0
Mar 15 21:57:46 laptop kernel: pci 0000:05:00.3: extending delay after power-on from D3hot to 20 msec
Mar 15 21:57:46 laptop kernel: pci 0000:05:00.4: extending delay after power-on from D3hot to 20 msec
Mar 15 21:57:46 laptop kernel: PCI: CLS 64 bytes, default 64
Mar 15 21:57:46 laptop kernel: Trying to unpack rootfs image as initramfs...
Mar 15 21:57:46 laptop kernel: pci 0000:00:00.2: AMD-Vi: IOMMU performance counters supported
Mar 15 21:57:46 laptop kernel: pci 0000:00:01.0: Adding to iommu group 0
Mar 15 21:57:46 laptop kernel: pci 0000:00:01.1: Adding to iommu group 1
Mar 15 21:57:46 laptop kernel: pci 0000:00:02.0: Adding to iommu group 2
Mar 15 21:57:46 laptop kernel: pci 0000:00:02.1: Adding to iommu group 3
Mar 15 21:57:46 laptop kernel: pci 0000:00:02.2: Adding to iommu group 4
Mar 15 21:57:46 laptop kernel: pci 0000:00:02.4: Adding to iommu group 5
Mar 15 21:57:46 laptop kernel: pci 0000:00:08.0: Adding to iommu group 6
Mar 15 21:57:46 laptop kernel: pci 0000:00:08.1: Adding to iommu group 6
Mar 15 21:57:46 laptop kernel: pci 0000:00:14.0: Adding to iommu group 7
Mar 15 21:57:46 laptop kernel: pci 0000:00:14.3: Adding to iommu group 7
Mar 15 21:57:46 laptop kernel: pci 0000:00:18.0: Adding to iommu group 8
Mar 15 21:57:46 laptop kernel: pci 0000:00:18.1: Adding to iommu group 8
Mar 15 21:57:46 laptop kernel: pci 0000:00:18.2: Adding to iommu group 8
Mar 15 21:57:46 laptop kernel: pci 0000:00:18.3: Adding to iommu group 8
Mar 15 21:57:46 laptop kernel: pci 0000:00:18.4: Adding to iommu group 8
Mar 15 21:57:46 laptop kernel: pci 0000:00:18.5: Adding to iommu group 8
Mar 15 21:57:46 laptop kernel: pci 0000:00:18.6: Adding to iommu group 8
Mar 15 21:57:46 laptop kernel: pci 0000:00:18.7: Adding to iommu group 8
Mar 15 21:57:46 laptop kernel: pci 0000:01:00.0: Adding to iommu group 9
Mar 15 21:57:46 laptop kernel: pci 0000:01:00.1: Adding to iommu group 9
Mar 15 21:57:46 laptop kernel: pci 0000:02:00.0: Adding to iommu group 10
Mar 15 21:57:46 laptop kernel: pci 0000:03:00.0: Adding to iommu group 11
Mar 15 21:57:46 laptop kernel: pci 0000:04:00.0: Adding to iommu group 12
Mar 15 21:57:46 laptop kernel: pci 0000:05:00.0: Adding to iommu group 6
Mar 15 21:57:46 laptop kernel: pci 0000:05:00.1: Adding to iommu group 6
Mar 15 21:57:46 laptop kernel: pci 0000:05:00.2: Adding to iommu group 6
Mar 15 21:57:46 laptop kernel: pci 0000:05:00.3: Adding to iommu group 6
Mar 15 21:57:46 laptop kernel: pci 0000:05:00.4: Adding to iommu group 6
Mar 15 21:57:46 laptop kernel: pci 0000:05:00.5: Adding to iommu group 6
Mar 15 21:57:46 laptop kernel: pci 0000:05:00.6: Adding to iommu group 6
Mar 15 21:57:46 laptop kernel: AMD-Vi: Extended features (0x206d73ef22254ade, 0x0): PPR X2APIC NX GT IA GA PC GA_vAPIC
Mar 15 21:57:46 laptop kernel: AMD-Vi: Interrupt remapping enabled
Mar 15 21:57:46 laptop kernel: AMD-Vi: X2APIC enabled
Mar 15 21:57:46 laptop kernel: AMD-Vi: Virtual APIC enabled
Mar 15 21:57:46 laptop kernel: PCI-DMA: Using software bounce buffering for IO (SWIOTLB)
Mar 15 21:57:46 laptop kernel: software IO TLB: mapped [mem 0x00000000d9cef000-0x00000000ddcef000] (64MB)
Mar 15 21:57:46 laptop kernel: LVT offset 0 assigned for vector 0x400
Mar 15 21:57:46 laptop kernel: perf: AMD IBS detected (0x000003ff)
Mar 15 21:57:46 laptop kernel: perf/amd_iommu: Detected AMD IOMMU #0 (2 banks, 4 counters/bank).
Mar 15 21:57:46 laptop kernel: Initialise system trusted keyrings
Mar 15 21:57:46 laptop kernel: workingset: timestamp_bits=40 max_order=23 bucket_order=0
Mar 15 21:57:46 laptop kernel: Key type asymmetric registered
Mar 15 21:57:46 laptop kernel: Asymmetric key parser 'x509' registered
Mar 15 21:57:46 laptop kernel: Block layer SCSI generic (bsg) driver version 0.4 loaded (major 250)
Mar 15 21:57:46 laptop kernel: io scheduler mq-deadline registered
Mar 15 21:57:46 laptop kernel: io scheduler kyber registered
Mar 15 21:57:46 laptop kernel: pcieport 0000:00:01.1: PME: Signaling with IRQ 38
Mar 15 21:57:46 laptop kernel: pcieport 0000:00:01.1: pciehp: Slot #0 AttnBtn- PwrCtrl- MRL- AttnInd- PwrInd- HotPlug+ Surprise+ Interlock- NoCompl+ IbPresDis- LLActRep+
Mar 15 21:57:46 laptop kernel: pcieport 0000:00:02.1: PME: Signaling with IRQ 39
Mar 15 21:57:46 laptop kernel: pcieport 0000:00:02.2: PME: Signaling with IRQ 40
Mar 15 21:57:46 laptop kernel: pcieport 0000:00:02.4: PME: Signaling with IRQ 41
Mar 15 21:57:46 laptop kernel: pcieport 0000:00:08.1: PME: Signaling with IRQ 42
Mar 15 21:57:46 laptop kernel: ACPI: processor limited to max C-state 1
Mar 15 21:57:46 laptop kernel: Monitor-Mwait will be used to enter C-1 state
Mar 15 21:57:46 laptop kernel: Estimated ratio of average max frequency by base frequency (times 1024): 1271
Mar 15 21:57:46 laptop kernel: Serial: 8250/16550 driver, 4 ports, IRQ sharing enabled
Mar 15 21:57:46 laptop kernel: Linux agpgart interface v0.103
Mar 15 21:57:46 laptop kernel: ACPI: bus type drm_connector registered
Mar 15 21:57:46 laptop kernel: usbcore: registered new interface driver usbserial_generic
Mar 15 21:57:46 laptop kernel: usbserial: USB Serial support registered for generic
Mar 15 21:57:46 laptop kernel: simple-framebuffer simple-framebuffer.0: [drm] Registered 1 planes with drm panic
Mar 15 21:57:46 laptop kernel: [drm] Initialized simpledrm 1.0.0 for simple-framebuffer.0 on minor 0
Mar 15 21:57:46 laptop kernel: fbcon: Deferring console take-over
Mar 15 21:57:46 laptop kernel: simple-framebuffer simple-framebuffer.0: [drm] fb0: simpledrmdrmfb frame buffer device
Mar 15 21:57:46 laptop kernel: drop_monitor: Initializing network drop monitor service
Mar 15 21:57:46 laptop kernel: NET: Registered PF_INET6 protocol family
Mar 15 21:57:46 laptop kernel: Segment Routing with IPv6
Mar 15 21:57:46 laptop kernel: In-situ OAM (IOAM) with IPv6
Mar 15 21:57:46 laptop kernel: microcode: Current revision: 0x0860010d
Mar 15 21:57:46 laptop kernel: microcode: Updated early from: 0x08600106
Mar 15 21:57:46 laptop kernel: resctrl: L3 allocation detected
Mar 15 21:57:46 laptop kernel: resctrl: MB allocation detected
Mar 15 21:57:46 laptop kernel: resctrl: L3 monitoring detected
Mar 15 21:57:46 laptop kernel: IPI shorthand broadcast: enabled
Mar 15 21:57:46 laptop kernel: sched_clock: Marking stable (478741238, 1353898)->(498093905, -17998769)
Mar 15 21:57:46 laptop kernel: registered taskstats version 1
Mar 15 21:57:46 laptop kernel: Loading compiled-in X.509 certificates
Mar 15 21:57:46 laptop kernel: Demotion targets for Node 0: null
Mar 15 21:57:46 laptop kernel: Key type .fscrypt registered
Mar 15 21:57:46 laptop kernel: Key type fscrypt-provisioning registered
Mar 15 21:57:46 laptop kernel: PM:   Magic number: 2:37:991
Mar 15 21:57:46 laptop kernel: machinecheck machinecheck4: hash matches
Mar 15 21:57:46 laptop kernel: memory memory34: hash matches
Mar 15 21:57:46 laptop kernel: RAS: Correctable Errors collector initialized.
Mar 15 21:57:46 laptop kernel: clk: Disabling unused clocks
Mar 15 21:57:46 laptop kernel: PM: genpd: Disabling unused power domains
Mar 15 21:57:46 laptop kernel: Freeing initrd memory: 52892K
Mar 15 21:57:46 laptop kernel: Freeing unused decrypted memory: 2028K
Mar 15 21:57:46 laptop kernel: Freeing unused kernel image (initmem) memory: 3596K
Mar 15 21:57:46 laptop kernel: Write protecting the kernel read-only data: 32768k
Mar 15 21:57:46 laptop kernel: Freeing unused kernel image (text/rodata gap) memory: 1520K
Mar 15 21:57:46 laptop kernel: Freeing unused kernel image (rodata/data gap) memory: 1020K
Mar 15 21:57:46 laptop kernel: x86/mm: Checked W+X mappings: passed, no W+X pages found.
Mar 15 21:57:46 laptop kernel: Run /init as init process
Mar 15 21:57:46 laptop kernel:   with arguments:
Mar 15 21:57:46 laptop kernel:     /init
Mar 15 21:57:46 laptop kernel:     splash
Mar 15 21:57:46 laptop kernel:   with environment:
Mar 15 21:57:46 laptop kernel:     HOME=/
Mar 15 21:57:46 laptop kernel:     TERM=linux
Mar 15 21:57:46 laptop kernel: fbcon: Taking over console
Mar 15 21:57:46 laptop kernel: Console: switching to colour frame buffer device 240x67
Mar 15 21:57:46 laptop stage-1-init: [Sun Mar 15 14:57:16 UTC 2026] loading module amdgpu...
Mar 15 21:57:46 laptop kernel: ACPI: video: Video Device [VGA] (multi-head: yes  rom: no  post: no)
Mar 15 21:57:46 laptop kernel: input: Video Bus as /devices/LNXSYSTM:00/LNXSYBUS:00/PNP0A08:00/device:06/LNXVIDEO:00/input/input0
Mar 15 21:57:46 laptop kernel: tsc: Refined TSC clocksource calibration: 2894.561 MHz
Mar 15 21:57:46 laptop kernel: clocksource: tsc: mask: 0xffffffffffffffff max_cycles: 0x29b931186c0, max_idle_ns: 440795353010 ns
Mar 15 21:57:46 laptop kernel: clocksource: Switched to clocksource tsc
Mar 15 21:57:46 laptop kernel: [drm] amdgpu kernel modesetting enabled.
Mar 15 21:57:46 laptop kernel: amdgpu: vga_switcheroo: detected switching method \_SB_.PCI0.GP17.VGA_.ATPX handle
Mar 15 21:57:46 laptop kernel: amdgpu: ATPX version 1, functions 0x00000001
Mar 15 21:57:46 laptop kernel: amdgpu: ATPX Hybrid Graphics
Mar 15 21:57:46 laptop kernel: amdgpu: Virtual CRAT table created for CPU
Mar 15 21:57:46 laptop kernel: amdgpu: Topology: Add CPU node
Mar 15 21:57:46 laptop kernel: amdgpu 0000:05:00.0: enabling device (0006 -> 0007)
Mar 15 21:57:46 laptop kernel: amdgpu 0000:05:00.0: amdgpu: initializing kernel modesetting (RENOIR 0x1002:0x1636 0x1043:0x109C 0xC6).
Mar 15 21:57:46 laptop kernel: amdgpu 0000:05:00.0: amdgpu: register mmio base: 0xFC500000
Mar 15 21:57:46 laptop kernel: amdgpu 0000:05:00.0: amdgpu: register mmio size: 524288
Mar 15 21:57:46 laptop kernel: amdgpu 0000:05:00.0: amdgpu: detected ip block number 0 <common_v2_0_0> (soc15_common)
Mar 15 21:57:46 laptop kernel: amdgpu 0000:05:00.0: amdgpu: detected ip block number 1 <gmc_v9_0_0> (gmc_v9_0)
Mar 15 21:57:46 laptop kernel: amdgpu 0000:05:00.0: amdgpu: detected ip block number 2 <ih_v4_0_0> (vega10_ih)
Mar 15 21:57:46 laptop kernel: amdgpu 0000:05:00.0: amdgpu: detected ip block number 3 <psp_v12_0_0> (psp)
Mar 15 21:57:46 laptop kernel: amdgpu 0000:05:00.0: amdgpu: detected ip block number 4 <smu_v12_0_0> (smu)
Mar 15 21:57:46 laptop kernel: amdgpu 0000:05:00.0: amdgpu: detected ip block number 5 <dce_v1_0_0> (dm)
Mar 15 21:57:46 laptop kernel: amdgpu 0000:05:00.0: amdgpu: detected ip block number 6 <gfx_v9_0_0> (gfx_v9_0)
Mar 15 21:57:46 laptop kernel: amdgpu 0000:05:00.0: amdgpu: detected ip block number 7 <sdma_v4_0_0> (sdma_v4_0)
Mar 15 21:57:46 laptop kernel: amdgpu 0000:05:00.0: amdgpu: detected ip block number 8 <vcn_v2_0_0> (vcn_v2_0)
Mar 15 21:57:46 laptop kernel: amdgpu 0000:05:00.0: amdgpu: detected ip block number 9 <jpeg_v2_0_0> (jpeg_v2_0)
Mar 15 21:57:46 laptop kernel: amdgpu 0000:05:00.0: amdgpu: Fetched VBIOS from VFCT
Mar 15 21:57:46 laptop kernel: amdgpu: ATOM BIOS: 113-RENOIR-031
Mar 15 21:57:46 laptop kernel: Console: switching to colour dummy device 80x25
Mar 15 21:57:46 laptop kernel: amdgpu 0000:05:00.0: vgaarb: deactivate vga console
Mar 15 21:57:46 laptop kernel: amdgpu 0000:05:00.0: amdgpu: Trusted Memory Zone (TMZ) feature enabled
Mar 15 21:57:46 laptop kernel: amdgpu 0000:05:00.0: amdgpu: MODE2 reset
Mar 15 21:57:46 laptop kernel: amdgpu 0000:05:00.0: amdgpu: vm size is 262144 GB, 4 levels, block size is 9-bit, fragment size is 9-bit
Mar 15 21:57:46 laptop kernel: amdgpu 0000:05:00.0: amdgpu: VRAM: 512M 0x000000F400000000 - 0x000000F41FFFFFFF (512M used)
Mar 15 21:57:46 laptop kernel: amdgpu 0000:05:00.0: amdgpu: GART: 1024M 0x0000000000000000 - 0x000000003FFFFFFF
Mar 15 21:57:46 laptop kernel: [drm] Detected VRAM RAM=512M, BAR=512M
Mar 15 21:57:46 laptop kernel: [drm] RAM width 128bits DDR4
Mar 15 21:57:46 laptop kernel: amdgpu 0000:05:00.0: amdgpu: amdgpu: 512M of VRAM memory ready
Mar 15 21:57:46 laptop kernel: amdgpu 0000:05:00.0: amdgpu: amdgpu: 15755M of GTT memory ready.
Mar 15 21:57:46 laptop kernel: [drm] GART: num cpu pages 262144, num gpu pages 262144
Mar 15 21:57:46 laptop kernel: [drm] PCIE GART of 1024M enabled.
Mar 15 21:57:46 laptop kernel: [drm] PTB located at 0x000000F41FC00000
Mar 15 21:57:46 laptop kernel: amdgpu 0000:05:00.0: amdgpu: [drm] Loading DMUB firmware via PSP: version=0x0101002B
Mar 15 21:57:46 laptop kernel: amdgpu 0000:05:00.0: amdgpu: [VCN instance 0] Found VCN firmware Version ENC: 1.24 DEC: 8 VEP: 0 Revision: 9
Mar 15 21:57:46 laptop kernel: amdgpu 0000:05:00.0: amdgpu: reserve 0x400000 from 0xf41f800000 for PSP TMR
Mar 15 21:57:46 laptop kernel: amdgpu 0000:05:00.0: amdgpu: RAS: optional ras ta ucode is not available
Mar 15 21:57:46 laptop kernel: amdgpu 0000:05:00.0: amdgpu: RAP: optional rap ta ucode is not available
Mar 15 21:57:46 laptop kernel: amdgpu 0000:05:00.0: amdgpu: psp gfx command LOAD_TA(0x1) failed and response status is (0x7)
Mar 15 21:57:46 laptop kernel: amdgpu 0000:05:00.0: amdgpu: SMU is initialized successfully!
Mar 15 21:57:46 laptop kernel: amdgpu 0000:05:00.0: amdgpu: [drm] Display Core v3.2.351 initialized on DCN 2.1
Mar 15 21:57:46 laptop kernel: amdgpu 0000:05:00.0: amdgpu: [drm] DP-HDMI FRL PCON supported
Mar 15 21:57:46 laptop kernel: amdgpu 0000:05:00.0: amdgpu: [drm] DMUB hardware initialized: version=0x0101002B
Mar 15 21:57:46 laptop kernel: amdgpu 0000:05:00.0: amdgpu: kiq ring mec 2 pipe 1 q 0
Mar 15 21:57:46 laptop kernel: kfd kfd: amdgpu: Allocated 3969056 bytes on gart
Mar 15 21:57:46 laptop kernel: kfd kfd: amdgpu: Total number of KFD nodes to be created: 1
Mar 15 21:57:46 laptop kernel: amdgpu: Virtual CRAT table created for GPU
Mar 15 21:57:46 laptop kernel: amdgpu: Topology: Add dGPU node [0x1636:0x1002]
Mar 15 21:57:46 laptop kernel: kfd kfd: amdgpu: added device 1002:1636
Mar 15 21:57:46 laptop kernel: amdgpu 0000:05:00.0: amdgpu: SE 1, SH per SE 1, CU per SH 8, active_cu_number 7
Mar 15 21:57:46 laptop kernel: amdgpu 0000:05:00.0: amdgpu: ring gfx uses VM inv eng 0 on hub 0
Mar 15 21:57:46 laptop kernel: amdgpu 0000:05:00.0: amdgpu: ring comp_1.0.0 uses VM inv eng 1 on hub 0
Mar 15 21:57:46 laptop kernel: amdgpu 0000:05:00.0: amdgpu: ring comp_1.1.0 uses VM inv eng 4 on hub 0
Mar 15 21:57:46 laptop kernel: amdgpu 0000:05:00.0: amdgpu: ring comp_1.2.0 uses VM inv eng 5 on hub 0
Mar 15 21:57:46 laptop kernel: amdgpu 0000:05:00.0: amdgpu: ring comp_1.3.0 uses VM inv eng 6 on hub 0
Mar 15 21:57:46 laptop kernel: amdgpu 0000:05:00.0: amdgpu: ring comp_1.0.1 uses VM inv eng 7 on hub 0
Mar 15 21:57:46 laptop kernel: amdgpu 0000:05:00.0: amdgpu: ring comp_1.1.1 uses VM inv eng 8 on hub 0
Mar 15 21:57:46 laptop kernel: amdgpu 0000:05:00.0: amdgpu: ring comp_1.2.1 uses VM inv eng 9 on hub 0
Mar 15 21:57:46 laptop kernel: amdgpu 0000:05:00.0: amdgpu: ring comp_1.3.1 uses VM inv eng 10 on hub 0
Mar 15 21:57:46 laptop kernel: amdgpu 0000:05:00.0: amdgpu: ring kiq_0.2.1.0 uses VM inv eng 11 on hub 0
Mar 15 21:57:46 laptop kernel: amdgpu 0000:05:00.0: amdgpu: ring sdma0 uses VM inv eng 0 on hub 8
Mar 15 21:57:46 laptop kernel: amdgpu 0000:05:00.0: amdgpu: ring vcn_dec uses VM inv eng 1 on hub 8
Mar 15 21:57:46 laptop kernel: amdgpu 0000:05:00.0: amdgpu: ring vcn_enc0 uses VM inv eng 4 on hub 8
Mar 15 21:57:46 laptop kernel: amdgpu 0000:05:00.0: amdgpu: ring vcn_enc1 uses VM inv eng 5 on hub 8
Mar 15 21:57:46 laptop kernel: amdgpu 0000:05:00.0: amdgpu: ring jpeg_dec uses VM inv eng 6 on hub 8
Mar 15 21:57:46 laptop kernel: amdgpu 0000:05:00.0: amdgpu: Runtime PM not available
Mar 15 21:57:46 laptop kernel: amdgpu 0000:05:00.0: amdgpu: [drm] Using custom brightness curve
Mar 15 21:57:46 laptop kernel: amdgpu 0000:05:00.0: [drm] Registered 4 planes with drm panic
Mar 15 21:57:46 laptop kernel: [drm] Initialized amdgpu 3.64.0 for 0000:05:00.0 on minor 1
Mar 15 21:57:46 laptop kernel: fbcon: amdgpudrmfb (fb0) is primary device
Mar 15 21:57:46 laptop kernel: [drm] pre_validate_dsc:1667 MST_DSC dsc precompute is not needed
Mar 15 21:57:46 laptop kernel: Console: switching to colour frame buffer device 240x67
Mar 15 21:57:46 laptop kernel: amdgpu 0000:05:00.0: [drm] fb0: amdgpudrmfb frame buffer device
Mar 15 21:57:46 laptop stage-1-init: [Sun Mar 15 14:57:20 UTC 2026] loading module dm_mod...
Mar 15 21:57:46 laptop kernel: device-mapper: ioctl: 4.50.0-ioctl (2025-04-28) initialised: dm-devel@lists.linux.dev
Mar 15 21:57:46 laptop stage-1-init: [Sun Mar 15 14:57:20 UTC 2026] running udev...
Mar 15 21:57:46 laptop stage-1-init: [Sun Mar 15 14:57:20 UTC 2026] Starting systemd-udevd version 258.3
Mar 15 21:57:46 laptop kernel: i8042: PNP: PS/2 Controller [PNP030b:PS2K] at 0x60,0x64 irq 1
Mar 15 21:57:46 laptop kernel: i8042: PNP: PS/2 appears to have AUX port disabled, if this is incorrect please boot with i8042.nopnp
Mar 15 21:57:46 laptop kernel: serio: i8042 KBD port at 0x60,0x64 irq 1
Mar 15 21:57:46 laptop kernel: Key type psk registered
Mar 15 21:57:46 laptop kernel: atkbd: `x' invalid for parameter `reset'
Mar 15 21:57:46 laptop kernel: nvme 0000:04:00.0: platform quirk: setting simple suspend
Mar 15 21:57:46 laptop kernel: nvme nvme0: pci function 0000:04:00.0
Mar 15 21:57:46 laptop kernel: nvme nvme0: D3 entry latency set to 8 seconds
Mar 15 21:57:46 laptop kernel: xhci_hcd 0000:05:00.3: xHCI Host Controller
Mar 15 21:57:46 laptop kernel: xhci_hcd 0000:05:00.3: new USB bus registered, assigned bus number 1
Mar 15 21:57:46 laptop kernel: xhci_hcd 0000:05:00.3: hcc params 0x0268ffe5 hci version 0x110 quirks 0x0000020000000010
Mar 15 21:57:46 laptop kernel: xhci_hcd 0000:05:00.3: xHCI Host Controller
Mar 15 21:57:46 laptop kernel: xhci_hcd 0000:05:00.3: new USB bus registered, assigned bus number 2
Mar 15 21:57:46 laptop kernel: xhci_hcd 0000:05:00.3: Host supports USB 3.1 Enhanced SuperSpeed
Mar 15 21:57:46 laptop kernel: usb usb1: New USB device found, idVendor=1d6b, idProduct=0002, bcdDevice= 6.18
Mar 15 21:57:46 laptop kernel: usb usb1: New USB device strings: Mfr=3, Product=2, SerialNumber=1
Mar 15 21:57:46 laptop kernel: usb usb1: Product: xHCI Host Controller
Mar 15 21:57:46 laptop kernel: usb usb1: Manufacturer: Linux 6.18.10 xhci-hcd
Mar 15 21:57:46 laptop kernel: usb usb1: SerialNumber: 0000:05:00.3
Mar 15 21:57:46 laptop kernel: hub 1-0:1.0: USB hub found
Mar 15 21:57:46 laptop kernel: hub 1-0:1.0: 4 ports detected
Mar 15 21:57:46 laptop kernel: usb usb2: We don't know the algorithms for LPM for this host, disabling LPM.
Mar 15 21:57:46 laptop kernel: usb usb2: New USB device found, idVendor=1d6b, idProduct=0003, bcdDevice= 6.18
Mar 15 21:57:46 laptop kernel: usb usb2: New USB device strings: Mfr=3, Product=2, SerialNumber=1
Mar 15 21:57:46 laptop kernel: usb usb2: Product: xHCI Host Controller
Mar 15 21:57:46 laptop kernel: usb usb2: Manufacturer: Linux 6.18.10 xhci-hcd
Mar 15 21:57:46 laptop kernel: usb usb2: SerialNumber: 0000:05:00.3
Mar 15 21:57:46 laptop kernel: hub 2-0:1.0: USB hub found
Mar 15 21:57:46 laptop kernel: hub 2-0:1.0: 2 ports detected
Mar 15 21:57:46 laptop kernel: xhci_hcd 0000:05:00.4: xHCI Host Controller
Mar 15 21:57:46 laptop kernel: xhci_hcd 0000:05:00.4: new USB bus registered, assigned bus number 3
Mar 15 21:57:46 laptop kernel: xhci_hcd 0000:05:00.4: hcc params 0x0268ffe5 hci version 0x110 quirks 0x0000020000000010
Mar 15 21:57:46 laptop kernel: xhci_hcd 0000:05:00.4: xHCI Host Controller
Mar 15 21:57:46 laptop kernel: xhci_hcd 0000:05:00.4: new USB bus registered, assigned bus number 4
Mar 15 21:57:46 laptop kernel: xhci_hcd 0000:05:00.4: Host supports USB 3.1 Enhanced SuperSpeed
Mar 15 21:57:46 laptop kernel: usb usb3: New USB device found, idVendor=1d6b, idProduct=0002, bcdDevice= 6.18
Mar 15 21:57:46 laptop kernel: usb usb3: New USB device strings: Mfr=3, Product=2, SerialNumber=1
Mar 15 21:57:46 laptop kernel: usb usb3: Product: xHCI Host Controller
Mar 15 21:57:46 laptop kernel: usb usb3: Manufacturer: Linux 6.18.10 xhci-hcd
Mar 15 21:57:46 laptop kernel: usb usb3: SerialNumber: 0000:05:00.4
Mar 15 21:57:46 laptop kernel: hub 3-0:1.0: USB hub found
Mar 15 21:57:46 laptop kernel: hub 3-0:1.0: 4 ports detected
Mar 15 21:57:46 laptop kernel: usb usb4: We don't know the algorithms for LPM for this host, disabling LPM.
Mar 15 21:57:46 laptop kernel: usb usb4: New USB device found, idVendor=1d6b, idProduct=0003, bcdDevice= 6.18
Mar 15 21:57:46 laptop kernel: usb usb4: New USB device strings: Mfr=3, Product=2, SerialNumber=1
Mar 15 21:57:46 laptop kernel: usb usb4: Product: xHCI Host Controller
Mar 15 21:57:46 laptop kernel: usb usb4: Manufacturer: Linux 6.18.10 xhci-hcd
Mar 15 21:57:46 laptop kernel: usb usb4: SerialNumber: 0000:05:00.4
Mar 15 21:57:46 laptop kernel: hub 4-0:1.0: USB hub found
Mar 15 21:57:46 laptop kernel: hub 4-0:1.0: 2 ports detected
Mar 15 21:57:46 laptop kernel: hwmon hwmon1: temp1_input not attached to any thermal zone
Mar 15 21:57:46 laptop kernel: hwmon hwmon1: temp2_input not attached to any thermal zone
Mar 15 21:57:46 laptop kernel: nvme nvme0: allocated 64 MiB host memory buffer (1 segment).
Mar 15 21:57:46 laptop kernel: nvme nvme0: 12/0/0 default/read/poll queues
Mar 15 21:57:46 laptop kernel:  nvme0n1: p1 p2 p3 p4 p5 p6 p7 p8
Mar 15 21:57:46 laptop kernel: usb 1-3: new full-speed USB device number 2 using xhci_hcd
Mar 15 21:57:46 laptop kernel: usb 3-4: new high-speed USB device number 2 using xhci_hcd
Mar 15 21:57:46 laptop kernel: usb 3-4: New USB device found, idVendor=13d3, idProduct=3563, bcdDevice= 1.00
Mar 15 21:57:46 laptop kernel: usb 3-4: New USB device strings: Mfr=5, Product=6, SerialNumber=7
Mar 15 21:57:46 laptop kernel: usb 3-4: Product: Wireless_Device
Mar 15 21:57:46 laptop kernel: usb 3-4: Manufacturer: MediaTek Inc.
Mar 15 21:57:46 laptop kernel: usb 3-4: SerialNumber: 000000000
Mar 15 21:57:46 laptop kernel: usb 1-3: New USB device found, idVendor=0b05, idProduct=1866, bcdDevice=40.23
Mar 15 21:57:46 laptop kernel: usb 1-3: New USB device strings: Mfr=1, Product=2, SerialNumber=0
Mar 15 21:57:46 laptop kernel: usb 1-3: Product: N-KEY Device
Mar 15 21:57:46 laptop kernel: usb 1-3: Manufacturer: ASUSTek Computer Inc.
Mar 15 21:57:46 laptop kernel: hid: raw HID events driver (C) Jiri Kosina
Mar 15 21:57:46 laptop kernel: usbcore: registered new interface driver usbhid
Mar 15 21:57:46 laptop kernel: usbhid: USB HID core driver
Mar 15 21:57:46 laptop kernel: input: ASUSTek Computer Inc. N-KEY Device as /devices/pci0000:00/0000:00:08.1/0000:05:00.3/usb1/1-3/1-3:1.0/0003:0B05:1866.0001/input/input1
Mar 15 21:57:46 laptop kernel: input: ASUSTek Computer Inc. N-KEY Device Keyboard as /devices/pci0000:00/0000:00:08.1/0000:05:00.3/usb1/1-3/1-3:1.0/0003:0B05:1866.0001/input/input2
Mar 15 21:57:46 laptop kernel: input: ASUSTek Computer Inc. N-KEY Device as /devices/pci0000:00/0000:00:08.1/0000:05:00.3/usb1/1-3/1-3:1.0/0003:0B05:1866.0001/input/input3
Mar 15 21:57:46 laptop kernel: input: ASUSTek Computer Inc. N-KEY Device as /devices/pci0000:00/0000:00:08.1/0000:05:00.3/usb1/1-3/1-3:1.0/0003:0B05:1866.0001/input/input4
Mar 15 21:57:46 laptop kernel: hid-generic 0003:0B05:1866.0001: input,hiddev96,hidraw0: USB HID v1.10 Keyboard [ASUSTek Computer Inc. N-KEY Device] on usb-0000:05:00.3-3/input0
Mar 15 21:57:46 laptop stage-1-init: [Sun Mar 15 14:57:21 UTC 2026] starting device mapper and LVM...
Mar 15 21:57:46 laptop kernel: atkbd: `x' invalid for parameter `reset'
Mar 15 21:57:46 laptop kernel: atkbd: `x' invalid for parameter `reset'
Mar 15 21:57:46 laptop kernel: atkbd: `x' invalid for parameter `reset'
Mar 15 21:57:46 laptop kernel: atkbd: `x' invalid for parameter `reset'
Mar 15 21:57:46 laptop kernel: atkbd: `x' invalid for parameter `reset'
Mar 15 21:57:46 laptop kernel: atkbd: `x' invalid for parameter `reset'
Mar 15 21:57:46 laptop kernel: atkbd: `x' invalid for parameter `reset'
Mar 15 21:57:46 laptop kernel: atkbd: `x' invalid for parameter `reset'
Mar 15 21:57:46 laptop kernel: atkbd: `x' invalid for parameter `reset'
Mar 15 21:57:46 laptop kernel: atkbd: `x' invalid for parameter `reset'
Mar 15 21:57:46 laptop kernel: atkbd: `x' invalid for parameter `reset'
Mar 15 21:57:46 laptop kernel: atkbd: `x' invalid for parameter `reset'
Mar 15 21:57:46 laptop kernel: atkbd: `x' invalid for parameter `reset'
Mar 15 21:57:46 laptop kernel: atkbd: `x' invalid for parameter `reset'
Mar 15 21:57:46 laptop kernel: atkbd: `x' invalid for parameter `reset'
Mar 15 21:57:46 laptop kernel: atkbd: `x' invalid for parameter `reset'
Mar 15 21:57:46 laptop kernel: atkbd: `x' invalid for parameter `reset'
Mar 15 21:57:46 laptop kernel: atkbd: `x' invalid for parameter `reset'
Mar 15 21:57:46 laptop kernel: atkbd: `x' invalid for parameter `reset'
Mar 15 21:57:46 laptop stage-1-init: [Sun Mar 15 14:57:44 UTC 2026] waiting for device /dev/disk/by-uuid/b4c132d2-c0c2-4991-a3bd-32d04f62c370 to appear.......................
Mar 15 21:57:46 laptop kernel: atkbd: `x' invalid for parameter `reset'
Mar 15 21:57:46 laptop stage-1-init: [Sun Mar 15 14:57:44 UTC 2026] checking /dev/disk/by-uuid/e3ff8dfa-c841-499b-affc-773d85a372d3...
Mar 15 21:57:46 laptop stage-1-init: [Sun Mar 15 14:57:44 UTC 2026] fsck (busybox 1.37.0)
Mar 15 21:57:46 laptop stage-1-init: [Sun Mar 15 14:57:44 UTC 2026] [fsck.ext4 (1) -- /mnt-root/] fsck.ext4 -a /dev/disk/by-uuid/e3ff8dfa-c841-499b-affc-773d85a372d3
Mar 15 21:57:46 laptop stage-1-init: [Sun Mar 15 14:57:44 UTC 2026] root: clean, 1274358/11517952 files, 23108120/46069575 blocks
Mar 15 21:57:46 laptop stage-1-init: [Sun Mar 15 14:57:44 UTC 2026] mounting /dev/disk/by-uuid/e3ff8dfa-c841-499b-affc-773d85a372d3 on /...
Mar 15 21:57:46 laptop kernel: EXT4-fs (nvme0n1p5): mounted filesystem e3ff8dfa-c841-499b-affc-773d85a372d3 r/w with ordered data mode. Quota mode: none.
Mar 15 21:57:46 laptop kernel: EXT4-fs (nvme0n1p5): re-mounted e3ff8dfa-c841-499b-affc-773d85a372d3.
Mar 15 21:57:46 laptop unknown: booting system configuration /nix/store/290hlv4jnbgp963lvxyb0acz6iim5kz3-nixos-system-laptop-26.05.20260213.a82ccc3
Mar 15 21:57:46 laptop stage-2-init: running activation script...
Mar 15 21:57:46 laptop stage-2-init: setting up /etc...
Mar 15 21:57:46 laptop systemd[1]: Inserted module 'autofs4'
Mar 15 21:57:46 laptop systemd[1]: systemd 258.3 running in system mode (+PAM +AUDIT -SELINUX +APPARMOR +IMA +IPE +SMACK +SECCOMP +GCRYPT -GNUTLS +OPENSSL +ACL +BLKID +CURL +ELFUTILS +FIDO2 +IDN2 -IDN -IPTC +KMOD +LIBCRYPTSETUP +LIBCRYPTSETUP_PLUGINS +LIBFDISK +PCRE2 +PWQUALITY +P11KIT +QRENCODE +TPM2 +BZIP2 +LZ4 +XZ +ZLIB +ZSTD +BPF_FRAMEWORK -BTF -XKBCOMMON +UTMP -SYSVINIT +LIBARCHIVE)
Mar 15 21:57:46 laptop systemd[1]: Detected architecture x86-64.
Mar 15 21:57:46 laptop systemd[1]: Hostname set to <laptop>.
Mar 15 21:57:46 laptop systemd[1]: bpf-restrict-fs: LSM BPF program attached
Mar 15 21:57:46 laptop systemd-gpt-auto-generator[780]: EFI loader partition unknown, not processing /.
Mar 15 21:57:46 laptop systemd-gpt-auto-generator[780]: (The boot loader did not set EFI variable LoaderDevicePartUUID.)
Mar 15 21:57:46 laptop kernel: zram: Added device: zram0
Mar 15 21:57:46 laptop systemd[1]: /etc/systemd/system/cups.socket:5: ListenStream= references a path below legacy directory /var/run/, updating /var/run/cups/cups.sock → /run/cups/cups.sock; please update the unit file accordingly.
Mar 15 21:57:46 laptop systemd[1]: /etc/systemd/system/create-swapfile.service:8: Unbalanced quoting, ignoring: "/nix/store/x12lw455sq6qy2wcya85d7rb88ybc3df-bash-interactive-5.3p9/bin/bash -c '"
Mar 15 21:57:46 laptop systemd[1]: create-swapfile.service: Unit configuration has fatal error, unit will not be started.
Mar 15 21:57:46 laptop systemd[1]: create-swapfile.service: Cannot add dependency job, ignoring: Unit create-swapfile.service has a bad unit file setting.
Mar 15 21:57:46 laptop systemd[1]: Queued start job for default target Graphical Interface.
Mar 15 21:57:46 laptop systemd[1]: Created slice Virtual Machine and Container Slice.
Mar 15 21:57:46 laptop systemd[1]: Created slice CUPS Slice.
Mar 15 21:57:46 laptop systemd[1]: Created slice Slice /system/modprobe.
Mar 15 21:57:46 laptop systemd[1]: Created slice Slice /system/systemd-fsck.
Mar 15 21:57:46 laptop systemd[1]: Created slice Slice /system/systemd-zram-setup.
Mar 15 21:57:46 laptop systemd[1]: Created slice User and Session Slice.
Mar 15 21:57:46 laptop systemd[1]: Dispatch Password Requests to Console Directory Watch was skipped because of an unmet condition check (ConditionPathExists=!/run/plymouth/pid).
Mar 15 21:57:46 laptop systemd[1]: Started Forward Password Requests to Plymouth Directory Watch.
Mar 15 21:57:46 laptop systemd[1]: Started Forward Password Requests to Wall Directory Watch.
Mar 15 21:57:46 laptop systemd[1]: Expecting device /dev/disk/by-uuid/22A6-0606...
Mar 15 21:57:46 laptop systemd[1]: Expecting device /dev/tpm0...
Mar 15 21:57:46 laptop systemd[1]: Expecting device /dev/tpmrm0...
Mar 15 21:57:46 laptop systemd[1]: Expecting device /dev/zram0...
Mar 15 21:57:46 laptop systemd[1]: Reached target Local Encrypted Volumes.
Mar 15 21:57:46 laptop systemd[1]: Reached target Login Prompts.
Mar 15 21:57:46 laptop systemd[1]: Reached target Virtual Machines and Containers.
Mar 15 21:57:46 laptop systemd[1]: Reached target Path Units.
Mar 15 21:57:46 laptop systemd[1]: Reached target Remote File Systems.
Mar 15 21:57:46 laptop systemd[1]: Reached target Slice Units.
Mar 15 21:57:46 laptop systemd[1]: Reached target libvirt guests shutdown target.
Mar 15 21:57:46 laptop systemd[1]: Listening on Process Core Dump Socket.
Mar 15 21:57:46 laptop systemd[1]: Listening on Credential Encryption/Decryption.
Mar 15 21:57:46 laptop systemd[1]: Listening on Journal Audit Socket.
Mar 15 21:57:46 laptop systemd[1]: Listening on Journal Socket (/dev/log).
Mar 15 21:57:46 laptop systemd[1]: Listening on Journal Sockets.
Mar 15 21:57:46 laptop systemd[1]: Listening on Userspace Out-Of-Memory (OOM) Killer Socket.
Mar 15 21:57:46 laptop systemd[1]: Listening on udev Control Socket.
Mar 15 21:57:46 laptop systemd[1]: Listening on udev Kernel Socket.
Mar 15 21:57:46 laptop systemd[1]: Mounting Huge Pages File System...
Mar 15 21:57:46 laptop systemd[1]: Mounting POSIX Message Queue File System...
Mar 15 21:57:46 laptop systemd[1]: Mounting Kernel Debug File System...
Mar 15 21:57:46 laptop systemd[1]: Mounting Kernel Trace File System...
Mar 15 21:57:46 laptop systemd[1]: Starting Create List of Static Device Nodes...
Mar 15 21:57:46 laptop systemd[1]: Starting Load Kernel Module configfs...
Mar 15 21:57:46 laptop systemd[1]: Load Kernel Module drm was skipped because of an unmet condition check (ConditionKernelModuleLoaded=!drm).
Mar 15 21:57:46 laptop systemd[1]: Starting Load Kernel Module efi_pstore...
Mar 15 21:57:46 laptop systemd[1]: Starting Load Kernel Module fuse...
Mar 15 21:57:46 laptop systemd[1]: Started Forward Password Requests to Plymouth.
Mar 15 21:57:46 laptop systemd[1]: File System Check on Root Device was skipped because of an unmet condition check (ConditionPathIsReadWrite=!/).
Mar 15 21:57:46 laptop systemd[1]: Clear Stale Hibernate Storage Info was skipped because of an unmet condition check (ConditionPathExists=/sys/firmware/efi/efivars/HibernateLocation-8cf2644b-4b0b-428f-9387-6d876050dc67).
Mar 15 21:57:46 laptop systemd[1]: Starting Journal Service...
Mar 15 21:57:46 laptop systemd[1]: Starting Load Kernel Modules...
Mar 15 21:57:46 laptop systemd[1]: Starting Remount Root and Kernel File Systems...
Mar 15 21:57:46 laptop systemd[1]: Starting Coldplug All udev Devices...
Mar 15 21:57:46 laptop systemd[1]: Mounted Huge Pages File System.
Mar 15 21:57:46 laptop systemd[1]: Mounted POSIX Message Queue File System.
Mar 15 21:57:46 laptop systemd[1]: Mounted Kernel Debug File System.
Mar 15 21:57:46 laptop systemd[1]: Mounted Kernel Trace File System.
Mar 15 21:57:46 laptop systemd[1]: Finished Create List of Static Device Nodes.
Mar 15 21:57:46 laptop systemd[1]: Starting Create Static Device Nodes in /dev gracefully...
Mar 15 21:57:46 laptop kernel: acpi_call: loading out-of-tree module taints kernel.
Mar 15 21:57:46 laptop kernel: pstore: Using crash dump compression: deflate
Mar 15 21:57:46 laptop systemd[1]: modprobe@configfs.service: Deactivated successfully.
Mar 15 21:57:46 laptop systemd[1]: Finished Load Kernel Module configfs.
Mar 15 21:57:46 laptop systemd[1]: Mounting Kernel Configuration File System...
Mar 15 21:57:46 laptop systemd-journald[804]: Collecting audit messages is enabled.
Mar 15 21:57:46 laptop kernel: ACPI: battery: Slot [BAT0] (battery present)
Mar 15 21:57:46 laptop kernel: pstore: Registered efi_pstore as persistent store backend
Mar 15 21:57:46 laptop systemd[1]: modprobe@efi_pstore.service: Deactivated successfully.
Mar 15 21:57:46 laptop systemd[1]: Finished Load Kernel Module efi_pstore.
Mar 15 21:57:46 laptop systemd[1]: Mounted Kernel Configuration File System.
Mar 15 21:57:46 laptop kernel: EXT4-fs (nvme0n1p5): re-mounted e3ff8dfa-c841-499b-affc-773d85a372d3.
Mar 15 21:57:46 laptop systemd[1]: Finished Remount Root and Kernel File Systems.
Mar 15 21:57:46 laptop systemd[1]: Platform Persistent Storage Archival was skipped because of an unmet condition check (ConditionDirectoryNotEmpty=/sys/fs/pstore).
Mar 15 21:57:46 laptop systemd[1]: Starting Load/Save OS Random Seed...
Mar 15 21:57:46 laptop systemd[1]: Starting Network Time Synchronization...
Mar 15 21:57:46 laptop kernel: asus_wmi: ASUS WMI generic driver loaded
Mar 15 21:57:46 laptop kernel: asus_wmi: Initialization: 0x1
Mar 15 21:57:46 laptop kernel: asus_wmi: SFUN value: 0x1821
Mar 15 21:57:46 laptop kernel: asus-nb-wmi asus-nb-wmi: Detected ATK, not ASUSWMI, use DSTS
Mar 15 21:57:46 laptop kernel: fuse: init (API version 7.45)
Mar 15 21:57:46 laptop systemd[1]: Finished Create Static Device Nodes in /dev gracefully.
Mar 15 21:57:46 laptop systemd[1]: Starting Create Static Device Nodes in /dev...
Mar 15 21:57:46 laptop systemd[1]: modprobe@fuse.service: Deactivated successfully.
Mar 15 21:57:46 laptop systemd[1]: Finished Load Kernel Module fuse.
Mar 15 21:57:46 laptop kernel: asus-nb-wmi asus-nb-wmi: Using throttle_thermal_policy for platform_profile support
Mar 15 21:57:46 laptop systemd[1]: Finished Load/Save OS Random Seed.
Mar 15 21:57:46 laptop systemd[1]: First Boot Complete was skipped because of an unmet condition check (ConditionFirstBoot=yes).
Mar 15 21:57:46 laptop kernel: input: Asus WMI hotkeys as /devices/platform/asus-nb-wmi/input/input5
Mar 15 21:57:46 laptop systemd[1]: Finished Create Static Device Nodes in /dev.
Mar 15 21:57:46 laptop systemd[1]: Reached target Preparation for Local File Systems.
Mar 15 21:57:46 laptop systemd[1]: Starting Rule-based Manager for Device Events and Files...
Mar 15 21:57:46 laptop kernel: asus_wmi: fan_curve_get_factory_default (0x00110032) failed: -19
Mar 15 21:57:46 laptop kernel: ACPI: battery: new hook: ASUS Battery Extension
Mar 15 21:57:46 laptop kernel: atkbd: `x' invalid for parameter `reset'
Mar 15 21:57:46 laptop systemd[1]: Started Network Time Synchronization.
Mar 15 21:57:46 laptop systemd-journald[804]: Journal started
Mar 15 21:57:46 laptop systemd-journald[804]: Runtime Journal (/run/log/journal/563c9fc4268b4079868282806c810290) is 8M, max 787.7M, 779.7M free.
Mar 15 21:57:46 laptop systemd-modules-load[805]: Inserted module 'acpi_call'
Mar 15 21:57:46 laptop systemd-modules-load[805]: Inserted module 'asus_nb_wmi'
Mar 15 21:57:46 laptop systemd[1]: Started Journal Service.
Mar 15 21:57:46 laptop systemd-timesyncd[816]: Disabling NSCD because DNSSEC validation is turned off
Mar 15 21:57:46 laptop systemd-modules-load[805]: Failed to insert module 'atkbd': Invalid argument
Mar 15 21:57:46 laptop systemd-udevd[822]: Using default interface naming scheme 'v258'.
Mar 15 21:57:46 laptop systemd-udevd[822]: /etc/udev/rules.d/50-qmk.rules:71 Unknown group 'plugdev', ignoring.
Mar 15 21:57:46 laptop kernel: bridge: filtering via arp/ip/ip6tables is no longer available by default. Update your scripts to load br_netfilter if you need this.
Mar 15 21:57:46 laptop systemd[1]: Starting Flush Journal to Persistent Storage...
Mar 15 21:57:46 laptop kernel: Bridge firewalling registered
Mar 15 21:57:46 laptop systemd-modules-load[805]: Inserted module 'br_netfilter'
Mar 15 21:57:46 laptop systemd-journald[804]: Time spent on flushing to /var/log/journal/563c9fc4268b4079868282806c810290 is 47.672ms for 964 entries.
Mar 15 21:57:46 laptop systemd-journald[804]: System Journal (/var/log/journal/563c9fc4268b4079868282806c810290) is 167.8M, max 4G, 3.8G free.
Mar 15 21:57:46 laptop systemd-journald[804]: Received client request to flush runtime journal.
Mar 15 21:57:46 laptop systemd[1]: Started Rule-based Manager for Device Events and Files.
Mar 15 21:57:46 laptop kernel: asus 0003:0B05:1866.0001: Fixing up Asus N-KEY keyb report descriptor
Mar 15 21:57:46 laptop systemd-modules-load[805]: Failed to insert module 'coretemp': No such device
Mar 15 21:57:46 laptop kernel: asus 0003:0B05:1866.0001: using HID for asus::kbd_backlight
Mar 15 21:57:46 laptop systemd-modules-load[805]: Module 'cpufreq_performance' is built in
Mar 15 21:57:46 laptop kernel: input: ASUSTek Computer Inc. N-KEY Device as /devices/pci0000:00/0000:00:08.1/0000:05:00.3/usb1/1-3/1-3:1.0/0003:0B05:1866.0001/input/input6
Mar 15 21:57:46 laptop systemd-modules-load[805]: Module 'ctr' is built in
Mar 15 21:57:46 laptop systemd[1]: Load Kernel Module fuse was skipped because of an unmet condition check (ConditionKernelModuleLoaded=!fuse).
Mar 15 21:57:46 laptop systemd[1]: Listening on Load/Save RF Kill Switch Status /dev/rfkill Watch.
Mar 15 21:57:46 laptop systemd[1]: Finished Flush Journal to Persistent Storage.
Mar 15 21:57:46 laptop systemd[1]: Created slice Slice /system/systemd-backlight.
Mar 15 21:57:46 laptop systemd[1]: Starting Load/Save Screen Backlight Brightness of leds:asus::kbd_backlight...
Mar 15 21:57:46 laptop systemd-modules-load[805]: Inserted module 'hid_asus'
Mar 15 21:57:46 laptop kernel: asus 0003:0B05:1866.0001: input,hiddev96,hidraw0: USB HID v1.10 Keyboard [ASUSTek Computer Inc. N-KEY Device] on usb-0000:05:00.3-3/input0
Mar 15 21:57:46 laptop systemd-modules-load[805]: Failed to find module 'hid_rog'
Mar 15 21:57:46 laptop kernel: i2c_dev: i2c /dev entries driver
Mar 15 21:57:46 laptop systemd-modules-load[805]: Inserted module 'i2c_dev'
Mar 15 21:57:46 laptop systemd[1]: Finished Load/Save Screen Backlight Brightness of leds:asus::kbd_backlight.
Mar 15 21:57:46 laptop systemd[1]: Finished Coldplug All udev Devices.
Mar 15 21:57:46 laptop systemd[1]: Load Kernel Module fuse was skipped because of an unmet condition check (ConditionKernelModuleLoaded=!fuse).
Mar 15 21:57:46 laptop kernel: ccp 0000:05:00.2: enabling device (0000 -> 0002)
Mar 15 21:57:46 laptop kernel: ccp 0000:05:00.2: ccp: unable to access the device: you might be running a broken BIOS.
Mar 15 21:57:46 laptop kernel: ccp 0000:05:00.2: tee enabled
Mar 15 21:57:46 laptop kernel: ccp 0000:05:00.2: psp enabled
Mar 15 21:57:46 laptop kernel: kvm_amd: TSC scaling supported
Mar 15 21:57:46 laptop kernel: kvm_amd: Nested Virtualization enabled
Mar 15 21:57:46 laptop kernel: kvm_amd: Nested Paging enabled
Mar 15 21:57:46 laptop kernel: kvm_amd: LBR virtualization supported
Mar 15 21:57:46 laptop kernel: kvm_amd: Virtual VMLOAD VMSAVE supported
Mar 15 21:57:46 laptop kernel: kvm_amd: Virtual GIF supported
Mar 15 21:57:47 laptop systemd-modules-load[805]: Inserted module 'kvm_amd'
Mar 15 21:57:47 laptop systemd-modules-load[805]: Failed to find module 'leds-asus-nb-wmi'
Mar 15 21:57:47 laptop systemd-modules-load[805]: Inserted module 'loop'
Mar 15 21:57:47 laptop kernel: loop: module loaded
Mar 15 21:57:47 laptop systemd[1]: Found device /dev/zram0.
Mar 15 21:57:47 laptop systemd[1]: Starting Create swap on /dev/zram0...
Mar 15 21:57:47 laptop systemd-modules-load[805]: Failed to insert module 'nct6775': No such device
Mar 15 21:57:47 laptop kernel: zram0: detected capacity change from 0 to 32266240
Mar 15 21:57:47 laptop systemd-makefs[913]: /dev/zram0 successfully formatted as swap (label "zram0", uuid c3da17c1-db2d-4b75-a5d0-d56cbc8626c9)
Mar 15 21:57:47 laptop systemd[1]: Finished Create swap on /dev/zram0.
Mar 15 21:57:47 laptop systemd[1]: Activating swap Compressed Swap on /dev/zram0...
Mar 15 21:57:47 laptop kernel: input: Asus Wireless Radio Control as /devices/LNXSYSTM:00/LNXSYBUS:00/ATK4002:00/input/input7
Mar 15 21:57:47 laptop mtp-probe[918]: checking bus 1, device 2: "/sys/devices/pci0000:00/0000:00:08.1/0000:05:00.3/usb1/1-3"
Mar 15 21:57:47 laptop mtp-probe[918]: bus: 1, device: 2 was not an MTP device
Mar 15 21:57:47 laptop kernel: Adding 16133116k swap on /dev/zram0.  Priority:5 extents:1 across:16133116k SSDsc
Mar 15 21:57:47 laptop systemd[1]: Activated swap Compressed Swap on /dev/zram0.
Mar 15 21:57:47 laptop kernel: input: ASUE120A:00 04F3:319B Mouse as /devices/platform/AMDI0010:00/i2c-0/i2c-ASUE120A:00/0018:04F3:319B.0002/input/input8
Mar 15 21:57:47 laptop systemd[1]: Mounting FUSE Control File System...
Mar 15 21:57:47 laptop kernel: input: ASUE120A:00 04F3:319B Touchpad as /devices/platform/AMDI0010:00/i2c-0/i2c-ASUE120A:00/0018:04F3:319B.0002/input/input9
Mar 15 21:57:47 laptop kernel: hid-generic 0018:04F3:319B.0002: input,hidraw1: I2C HID v1.00 Mouse [ASUE120A:00 04F3:319B] on i2c-ASUE120A:00
Mar 15 21:57:47 laptop systemd[1]: Mounted FUSE Control File System.
Mar 15 21:57:47 laptop kernel: nvidia: module license 'NVIDIA' taints kernel.
Mar 15 21:57:47 laptop kernel: Disabling lock debugging due to kernel taint
Mar 15 21:57:47 laptop kernel: nvidia: module license taints kernel.
Mar 15 21:57:47 laptop systemd[1]: Found device SAMSUNG MZVLQ1T0HBLB-00B00 SYSTEM.
Mar 15 21:57:47 laptop systemd[1]: Starting File System Check on /dev/disk/by-uuid/22A6-0606...
Mar 15 21:57:47 laptop kernel: tpm_crb MSFT0101:00: Disabling hwrng
Mar 15 21:57:47 laptop kernel: rtc_cmos 00:01: RTC can wake from S4
Mar 15 21:57:47 laptop kernel: input: Lid Switch as /devices/LNXSYSTM:00/LNXSYBUS:00/PNP0A08:00/device:24/PNP0C0D:00/input/input10
Mar 15 21:57:47 laptop kernel: rtc_cmos 00:01: registered as rtc0
Mar 15 21:57:47 laptop kernel: rtc_cmos 00:01: setting system clock to 2026-03-15T14:57:47 UTC (1773586667)
Mar 15 21:57:47 laptop kernel: rtc_cmos 00:01: alarms up to one month, y3k, 114 bytes nvram
Mar 15 21:57:47 laptop kernel: ACPI: button: Lid Switch [LID0]
Mar 15 21:57:47 laptop kernel: ACPI: AC: AC Adapter [ADP0] (off-line)
Mar 15 21:57:47 laptop kernel: input: Power Button as /devices/LNXSYSTM:00/LNXSYBUS:00/PNP0C0C:00/input/input11
Mar 15 21:57:47 laptop kernel: ACPI: button: Power Button [PWRB]
Mar 15 21:57:47 laptop kernel: input: Sleep Button as /devices/LNXSYSTM:00/LNXSYBUS:00/PNP0C0E:00/input/input12
Mar 15 21:57:47 laptop kernel: ACPI: button: Sleep Button [SLPB]
Mar 15 21:57:47 laptop systemd-fsck[927]: fsck.fat 4.2 (2021-01-31)
Mar 15 21:57:47 laptop systemd-fsck[927]: /dev/nvme0n1p1: 659 files, 37129/65536 clusters
Mar 15 21:57:47 laptop kernel: thermal LNXTHERM:00: registered as thermal_zone0
Mar 15 21:57:47 laptop systemd[1]: Finished File System Check on /dev/disk/by-uuid/22A6-0606.
Mar 15 21:57:47 laptop kernel: ACPI: thermal: Thermal Zone [TZ01] (40 C)
Mar 15 21:57:47 laptop systemd[1]: Mounting /boot...
Mar 15 21:57:47 laptop mtp-probe[935]: checking bus 3, device 2: "/sys/devices/pci0000:00/0000:00:08.1/0000:05:00.4/usb3/3-4"
Mar 15 21:57:47 laptop systemd[1]: Starting Load/Save Screen Backlight Brightness of backlight:amdgpu_bl1...
Mar 15 21:57:47 laptop kernel: nvidia-nvlink: Nvlink Core is being initialized, major device number 238
Mar 15 21:57:47 laptop kernel: 
Mar 15 21:57:47 laptop kernel: nvidia 0000:01:00.0: enabling device (0000 -> 0003)
Mar 15 21:57:47 laptop kernel: nvidia 0000:01:00.0: vgaarb: VGA decodes changed: olddecodes=io+mem,decodes=none:owns=none
Mar 15 21:57:47 laptop systemd[1]: Finished Load/Save Screen Backlight Brightness of backlight:amdgpu_bl1.
Mar 15 21:57:47 laptop kernel: NVRM: loading NVIDIA UNIX x86_64 Kernel Module  580.126.09  Wed Jan  7 22:59:56 UTC 2026
Mar 15 21:57:48 laptop systemd[1]: Found device /dev/tpm0.
Mar 15 21:57:48 laptop systemd[1]: Starting Virtual Console Setup...
Mar 15 21:57:48 laptop systemd[1]: Found device /dev/tpmrm0.
Mar 15 21:57:48 laptop systemd[1]: Reached target Trusted Platform Module.
Mar 15 21:57:48 laptop systemd[1]: Make TPM PCR Policy was skipped because of an unmet condition check (ConditionSecurity=measured-uki).
Mar 15 21:57:48 laptop systemd[1]: Early TPM SRK Setup was skipped because of an unmet condition check (ConditionSecurity=measured-uki).
Mar 15 21:57:48 laptop systemd[1]: TPM SRK Setup was skipped because of an unmet condition check (ConditionSecurity=measured-uki).
Mar 15 21:57:48 laptop kernel: ACPI: bus type thunderbolt registered
Mar 15 21:57:48 laptop systemd[1]: systemd-vconsole-setup.service: Deactivated successfully.
Mar 15 21:57:48 laptop systemd[1]: Stopped Virtual Console Setup.
Mar 15 21:57:48 laptop kernel: atkbd: `x' invalid for parameter `reset'
Mar 15 21:57:48 laptop systemd[1]: Starting Virtual Console Setup...
Mar 15 21:57:48 laptop kernel: RAPL PMU: API unit is 2^-32 Joules, 2 fixed counters, 163840 ms ovfl timer
Mar 15 21:57:48 laptop kernel: RAPL PMU: hw unit of domain package 2^-16 Joules
Mar 15 21:57:48 laptop kernel: RAPL PMU: hw unit of domain core 2^-16 Joules
Mar 15 21:57:48 laptop systemd-vconsole-setup[952]: All allocated virtual consoles are busy, will not configure key mapping and font.
Mar 15 21:57:48 laptop systemd[1]: Finished Virtual Console Setup.
Mar 15 21:57:48 laptop mtp-probe[935]: bus: 3, device: 2 was not an MTP device
Mar 15 21:57:48 laptop kernel: snd_rn_pci_acp3x 0000:05:00.5: enabling device (0000 -> 0002)
Mar 15 21:57:48 laptop (udev-worker)[861]: nvidia: Process '/nix/store/f15k3dpilmiyv6zgpib289rnjykgr1r4-bash-5.3p9/bin/bash -c 'mknod -m 666 /dev/nvidiactl c 195 255'' failed with exit code 1.
Mar 15 21:57:48 laptop kernel: piix4_smbus 0000:00:14.0: SMBus Host Controller at 0xb00, revision 0
Mar 15 21:57:48 laptop kernel: piix4_smbus 0000:00:14.0: Using register 0x02 for SMBus port selection
Mar 15 21:57:48 laptop kernel: i2c i2c-5: Successfully instantiated SPD at 0x50
Mar 15 21:57:48 laptop kernel: i2c i2c-5: Successfully instantiated SPD at 0x51
Mar 15 21:57:48 laptop kernel: piix4_smbus 0000:00:14.0: Auxiliary SMBus Host Controller at 0xb20
Mar 15 21:57:48 laptop systemd[1]: Mounted /boot.
Mar 15 21:57:48 laptop kernel: amd_atl: AMD Address Translation Library initialized
Mar 15 21:57:48 laptop kernel: EDAC MC: Ver: 3.0.0
Mar 15 21:57:48 laptop kernel: input: ASUE120A:00 04F3:319B Mouse as /devices/platform/AMDI0010:00/i2c-0/i2c-ASUE120A:00/0018:04F3:319B.0002/input/input13
Mar 15 21:57:48 laptop kernel: input: ASUE120A:00 04F3:319B Touchpad as /devices/platform/AMDI0010:00/i2c-0/i2c-ASUE120A:00/0018:04F3:319B.0002/input/input14
Mar 15 21:57:48 laptop kernel: hid-multitouch 0018:04F3:319B.0002: input,hidraw1: I2C HID v1.00 Mouse [ASUE120A:00 04F3:319B] on i2c-ASUE120A:00
Mar 15 21:57:48 laptop kernel: sp5100_tco: SP5100/SB800 TCO WatchDog Timer Driver
Mar 15 21:57:48 laptop kernel: sp5100-tco sp5100-tco: Using 0xfeb00000 for watchdog MMIO address
Mar 15 21:57:48 laptop kernel: intel_rapl_common: Found RAPL domain package
Mar 15 21:57:48 laptop kernel: intel_rapl_common: Found RAPL domain core
Mar 15 21:57:48 laptop kernel: sp5100-tco sp5100-tco: initialized. heartbeat=60 sec (nowayout=0)
Mar 15 21:57:48 laptop kernel: mousedev: PS/2 mouse device common for all mice
Mar 15 21:57:48 laptop kernel: MCE: In-kernel MCE decoding enabled.
Mar 15 21:57:48 laptop kernel: nvidia_uvm: module uses symbols nvUvmInterfaceDisableAccessCntr from proprietary module nvidia, inheriting taint.
Mar 15 21:57:48 laptop (udev-worker)[861]: nvidia: Process '/nix/store/f15k3dpilmiyv6zgpib289rnjykgr1r4-bash-5.3p9/bin/bash -c 'for i in $(cat /proc/driver/nvidia/gpus/*/information | grep Minor | cut -d \  -f 4); do mknod -m 666 /dev/nvidia${i} c 195 ${i}; done'' failed with exit code 1.
Mar 15 21:57:48 laptop systemd-modules-load[805]: Inserted module 'nvidia'
Mar 15 21:57:48 laptop kernel: ee1004 5-0050: 512 byte EE1004-compliant SPD EEPROM, read-only
Mar 15 21:57:48 laptop kernel: ee1004 5-0051: 512 byte EE1004-compliant SPD EEPROM, read-only
Mar 15 21:57:48 laptop kernel: nvidia-modeset: Loading NVIDIA Kernel Mode Setting Driver for UNIX platforms  580.126.09  Wed Jan  7 22:32:52 UTC 2026
Mar 15 21:57:48 laptop kernel: cfg80211: Loading compiled-in X.509 certificates for regulatory database
Mar 15 21:57:48 laptop kernel: Loaded X.509 cert 'sforshee: 00b28ddf47aef9cea7'
Mar 15 21:57:48 laptop kernel: Loaded X.509 cert 'wens: 61c038651aabdcf94bd0ac7ff06c7248db18c600'
Mar 15 21:57:48 laptop kernel: [drm] [nvidia-drm] [GPU ID 0x00000100] Loading driver
Mar 15 21:57:48 laptop kernel: Bluetooth: Core ver 2.22
Mar 15 21:57:48 laptop kernel: NET: Registered PF_BLUETOOTH protocol family
Mar 15 21:57:48 laptop kernel: Bluetooth: HCI device and connection manager initialized
Mar 15 21:57:48 laptop kernel: Bluetooth: HCI socket layer initialized
Mar 15 21:57:48 laptop kernel: Bluetooth: L2CAP socket layer initialized
